Component: ARM Compiler 5.06 update 7 (build 960) Tool: armlink [4d3601]

==============================================================================

Section Cross References

    startup_stm32f407xx.o(RESET) refers to startup_stm32f407xx.o(STACK) for __initial_sp
    startup_stm32f407xx.o(RESET) refers to startup_stm32f407xx.o(.text) for Reset_Handler
    startup_stm32f407xx.o(RESET) refers to stm32f4xx_it.o(i.NMI_Handler) for NMI_Handler
    startup_stm32f407xx.o(RESET) refers to stm32f4xx_it.o(i.HardFault_Handler) for HardFault_Handler
    startup_stm32f407xx.o(RESET) refers to stm32f4xx_it.o(i.MemManage_Handler) for MemManage_Handler
    startup_stm32f407xx.o(RESET) refers to stm32f4xx_it.o(i.BusFault_Handler) for BusFault_Handler
    startup_stm32f407xx.o(RESET) refers to stm32f4xx_it.o(i.UsageFault_Handler) for UsageFault_Handler
    startup_stm32f407xx.o(RESET) refers to port.o(.emb_text) for SVC_Handler
    startup_stm32f407xx.o(RESET) refers to stm32f4xx_it.o(i.DebugMon_Handler) for DebugMon_Handler
    startup_stm32f407xx.o(RESET) refers to cmsis_os2.o(i.SysTick_Handler) for SysTick_Handler
    startup_stm32f407xx.o(RESET) refers to stm32f4xx_it.o(i.CAN1_TX_IRQHandler) for CAN1_TX_IRQHandler
    startup_stm32f407xx.o(RESET) refers to stm32f4xx_it.o(i.CAN1_RX0_IRQHandler) for CAN1_RX0_IRQHandler
    startup_stm32f407xx.o(RESET) refers to stm32f4xx_it.o(i.CAN1_RX1_IRQHandler) for CAN1_RX1_IRQHandler
    startup_stm32f407xx.o(RESET) refers to stm32f4xx_it.o(i.CAN1_SCE_IRQHandler) for CAN1_SCE_IRQHandler
    startup_stm32f407xx.o(RESET) refers to stm32f4xx_it.o(i.EXTI9_5_IRQHandler) for EXTI9_5_IRQHandler
    startup_stm32f407xx.o(RESET) refers to stm32f4xx_it.o(i.TIM2_IRQHandler) for TIM2_IRQHandler
    startup_stm32f407xx.o(RESET) refers to stm32f4xx_it.o(i.TIM3_IRQHandler) for TIM3_IRQHandler
    startup_stm32f407xx.o(RESET) refers to stm32f4xx_it.o(i.USART1_IRQHandler) for USART1_IRQHandler
    startup_stm32f407xx.o(RESET) refers to stm32f4xx_it.o(i.UART4_IRQHandler) for UART4_IRQHandler
    startup_stm32f407xx.o(RESET) refers to stm32f4xx_it.o(i.UART5_IRQHandler) for UART5_IRQHandler
    startup_stm32f407xx.o(RESET) refers to stm32f4xx_it.o(i.DMA2_Stream2_IRQHandler) for DMA2_Stream2_IRQHandler
    startup_stm32f407xx.o(RESET) refers to stm32f4xx_it.o(i.CAN2_TX_IRQHandler) for CAN2_TX_IRQHandler
    startup_stm32f407xx.o(RESET) refers to stm32f4xx_it.o(i.CAN2_RX0_IRQHandler) for CAN2_RX0_IRQHandler
    startup_stm32f407xx.o(RESET) refers to stm32f4xx_it.o(i.CAN2_RX1_IRQHandler) for CAN2_RX1_IRQHandler
    startup_stm32f407xx.o(RESET) refers to stm32f4xx_it.o(i.CAN2_SCE_IRQHandler) for CAN2_SCE_IRQHandler
    startup_stm32f407xx.o(RESET) refers to stm32f4xx_it.o(i.DMA2_Stream7_IRQHandler) for DMA2_Stream7_IRQHandler
    startup_stm32f407xx.o(.text) refers to system_stm32f4xx.o(i.SystemInit) for SystemInit
    startup_stm32f407xx.o(.text) refers to entry.o(.ARM.Collect$$$$00000000) for __main
    main.o(i.HAL_TIM_PeriodElapsedCallback) refers to stm32f4xx_hal.o(i.HAL_IncTick) for HAL_IncTick
    main.o(i.HAL_TIM_PeriodElapsedCallback) refers to air_joy.o(.data) for TIME_ISR_CNT
    main.o(i.HAL_TIM_PeriodElapsedCallback) refers to air_joy.o(.data) for LAST_TIME_ISR_CNT
    main.o(i.HAL_TIM_PeriodElapsedCallback) refers to air_joy.o(.data) for Microsecond_Cnt
    main.o(i.HAL_TIM_PeriodElapsedCallback) refers to body_controllers.o(.bss) for R2_CONTROLLER
    main.o(i.HAL_TIM_PeriodElapsedCallback) refers to air_joy.o(.data) for Time_Sys
    main.o(i.SystemClock_Config) refers to memseta.o(.text) for __aeabi_memclr4
    main.o(i.SystemClock_Config) refers to stm32f4xx_hal_rcc.o(i.HAL_RCC_OscConfig) for HAL_RCC_OscConfig
    main.o(i.SystemClock_Config) refers to stm32f4xx_hal_rcc.o(i.HAL_RCC_ClockConfig) for HAL_RCC_ClockConfig
    main.o(i.main) refers to stm32f4xx_hal.o(i.HAL_Init) for HAL_Init
    main.o(i.main) refers to main.o(i.SystemClock_Config) for SystemClock_Config
    main.o(i.main) refers to gpio.o(i.MX_GPIO_Init) for MX_GPIO_Init
    main.o(i.main) refers to dma.o(i.MX_DMA_Init) for MX_DMA_Init
    main.o(i.main) refers to can.o(i.MX_CAN1_Init) for MX_CAN1_Init
    main.o(i.main) refers to can.o(i.MX_CAN2_Init) for MX_CAN2_Init
    main.o(i.main) refers to usart.o(i.MX_USART1_UART_Init) for MX_USART1_UART_Init
    main.o(i.main) refers to tim.o(i.MX_TIM2_Init) for MX_TIM2_Init
    main.o(i.main) refers to usart.o(i.MX_UART5_Init) for MX_UART5_Init
    main.o(i.main) refers to tim.o(i.MX_TIM10_Init) for MX_TIM10_Init
    main.o(i.main) refers to tim.o(i.MX_TIM13_Init) for MX_TIM13_Init
    main.o(i.main) refers to tim.o(i.MX_TIM9_Init) for MX_TIM9_Init
    main.o(i.main) refers to tim.o(i.MX_TIM14_Init) for MX_TIM14_Init
    main.o(i.main) refers to usart.o(i.MX_UART4_Init) for MX_UART4_Init
    main.o(i.main) refers to i2c.o(i.MX_I2C1_Init) for MX_I2C1_Init
    main.o(i.main) refers to i2c.o(i.MX_I2C2_Init) for MX_I2C2_Init
[...]
    __main_after_scatterload                 0x08000191   Thumb Code     0  entry5.o(.ARM.Collect$$$$00000004)
    _main_clock                              0x08000191   Thumb Code     0  entry7b.o(.ARM.Collect$$$$00000008)
    _main_cpp_init                           0x08000191   Thumb Code     0  entry8b.o(.ARM.Collect$$$$0000000A)
    _main_init                               0x08000191   Thumb Code     0  entry9a.o(.ARM.Collect$$$$0000000B)
    __rt_lib_shutdown_fini                   0x08000199   Thumb Code     0  entry12b.o(.ARM.Collect$$$$0000000E)
    __rt_final_cpp                           0x0800019d   Thumb Code     0  entry10a.o(.ARM.Collect$$$$0000000F)
    __rt_final_exit                          0x0800019d   Thumb Code     0  entry11a.o(.ARM.Collect$$$$00000011)
    SVC_Handler                              0x080001a1   Thumb Code    28  port.o(.emb_text)
    __asm___6_port_c_39a90d8d__prvStartFirstTask 0x080001c1   Thumb Code    36  port.o(.emb_text)
    __asm___6_port_c_39a90d8d__prvEnableVFP  0x080001e9   Thumb Code    16  port.o(.emb_text)
    PendSV_Handler                           0x080001fd   Thumb Code    88  port.o(.emb_text)
    vPortGetIPSR                             0x08000259   Thumb Code     6  port.o(.emb_text)
    Reset_Handler                            0x08000261   Thumb Code     8  startup_stm32f407xx.o(.text)
    ADC_IRQHandler                           0x0800027b   Thumb Code     0  startup_stm32f407xx.o(.text)
    DCMI_IRQHandler                          0x0800027b   Thumb Code     0  startup_stm32f407xx.o(.text)
    DMA1_Stream0_IRQHandler                  0x0800027b   Thumb Code     0  startup_stm32f407xx.o(.text)
    DMA1_Stream1_IRQHandler                  0x0800027b   Thumb Code     0  startup_stm32f407xx.o(.text)
    DMA1_Stream2_IRQHandler                  0x0800027b   Thumb Code     0  startup_stm32f407xx.o(.text)
    DMA1_Stream3_IRQHandler                  0x0800027b   Thumb Code     0  startup_stm32f407xx.o(.text)
    DMA1_Stream4_IRQHandler                  0x0800027b   Thumb Code     0  startup_stm32f407xx.o(.text)
    DMA1_Stream5_IRQHandler                  0x0800027b   Thumb Code     0  startup_stm32f407xx.o(.text)
    DMA1_Stream6_IRQHandler                  0x0800027b   Thumb Code     0  startup_stm32f407xx.o(.text)
    DMA1_Stream7_IRQHandler                  0x0800027b   Thumb Code     0  startup_stm32f407xx.o(.text)
    DMA2_Stream0_IRQHandler                  0x0800027b   Thumb Code     0  startup_stm32f407xx.o(.text)
    DMA2_Stream1_IRQHandler                  0x0800027b   Thumb Code     0  startup_stm32f407xx.o(.text)
    DMA2_Stream3_IRQHandler                  0x0800027b   Thumb Code     0  startup_stm32f407xx.o(.text)
    DMA2_Stream4_IRQHandler                  0x0800027b   Thumb Code     0  startup_stm32f407xx.o(.text)
    DMA2_Stream5_IRQHandler                  0x0800027b   Thumb Code     0  startup_stm32f407xx.o(.text)
    DMA2_Stream6_IRQHandler                  0x0800027b   Thumb Code     0  startup_stm32f407xx.o(.text)
    ETH_IRQHandler                           0x0800027b   Thumb Code     0  startup_stm32f407xx.o(.text)
    ETH_WKUP_IRQHandler                      0x0800027b   Thumb Code     0  startup_stm32f407xx.o(.text)
    EXTI0_IRQHandler                         0x0800027b   Thumb Code     0  startup_stm32f407xx.o(.text)
    EXTI15_10_IRQHandler                     0x0800027b   Thumb Code     0  startup_stm32f407xx.o(.text)
    EXTI1_IRQHandler                         0x0800027b   Thumb Code     0  startup_stm32f407xx.o(.text)
    EXTI2_IRQHandler                         0x0800027b   Thumb Code     0  startup_stm32f407xx.o(.text)
    EXTI3_IRQHandler                         0x0800027b   Thumb Code     0  startup_stm32f407xx.o(.text)
    EXTI4_IRQHandler                         0x0800027b   Thumb Code     0  startup_stm32f407xx.o(.text)
    FLASH_IRQHandler                         0x0800027b   Thumb Code     0  startup_stm32f407xx.o(.text)
    FMC_IRQHandler                           0x0800027b   Thumb Code     0  startup_stm32f407xx.o(.text)
    FPU_IRQHandler                           0x0800027b   Thumb Code     0  startup_stm32f407xx.o(.text)
    HASH_RNG_IRQHandler                      0x0800027b   Thumb Code     0  startup_stm32f407xx.o(.text)
    I2C1_ER_IRQHandler                       0x0800027b   Thumb Code     0  startup_stm32f407xx.o(.text)
    I2C1_EV_IRQHandler                       0x0800027b   Thumb Code     0  startup_stm32f407xx.o(.text)
    I2C2_ER_IRQHandler                       0x0800027b   Thumb Code     0  startup_stm32f407xx.o(.text)
    I2C2_EV_IRQHandler                       0x0800027b   Thumb Code     0  startup_stm32f407xx.o(.text)
    I2C3_ER_IRQHandler                       0x0800027b   Thumb Code     0  startup_stm32f407xx.o(.text)
    I2C3_EV_IRQHandler                       0x0800027b   Thumb Code     0  startup_stm32f407xx.o(.text)
    OTG_FS_IRQHandler                        0x0800027b   Thumb Code     0  startup_stm32f407xx.o(.text)
    OTG_FS_WKUP_IRQHandler                   0x0800027b   Thumb Code     0  startup_stm32f407xx.o(.text)
    OTG_HS_EP1_IN_IRQHandler                 0x0800027b   Thumb Code     0  startup_stm32f407xx.o(.text)
    OTG_HS_EP1_OUT_IRQHandler                0x0800027b   Thumb Code     0  startup_stm32f407xx.o(.text)
    OTG_HS_IRQHandler                        0x0800027b   Thumb Code     0  startup_stm32f407xx.o(.text)
    OTG_HS_WKUP_IRQHandler                   0x0800027b   Thumb Code     0  startup_stm32f407xx.o(.text)
    PVD_IRQHandler                           0x0800027b   Thumb Code     0  startup_stm32f407xx.o(.text)
    RCC_IRQHandler                           0x0800027b   Thumb Code     0  startup_stm32f407xx.o(.text)
    RTC_Alarm_IRQHandler                     0x0800027b   Thumb Code     0  startup_stm32f407xx.o(.text)
    RTC_WKUP_IRQHandler                      0x0800027b   Thumb Code     0  startup_stm32f407xx.o(.text)
    SDIO_IRQHandler                          0x0800027b   Thumb Code     0  startup_stm32f407xx.o(.text)
    SPI1_IRQHandler                          0x0800027b   Thumb Code     0  startup_stm32f407xx.o(.text)
    SPI2_IRQHandler                          0x0800027b   Thumb Code     0  startup_stm32f407xx.o(.text)
    SPI3_IRQHandler                          0x0800027b   Thumb Code     0  startup_stm32f407xx.o(.text)
    TAMP_STAMP_IRQHandler                    0x0800027b   Thumb Code     0  startup_stm32f407xx.o(.text)
    TIM1_BRK_TIM9_IRQHandler                 0x0800027b   Thumb Code     0  startup_stm32f407xx.o(.text)
    TIM1_CC_IRQHandler                       0x0800027b   Thumb Code     0  startup_stm32f407xx.o(.text)
    TIM1_TRG_COM_TIM11_IRQHandler            0x0800027b   Thumb Code     0  startup_stm32f407xx.o(.text)
    TIM1_UP_TIM10_IRQHandler                 0x0800027b   Thumb Code     0  startup_stm32f407xx.o(.text)
    TIM4_IRQHandler                          0x0800027b   Thumb Code     0  startup_stm32f407xx.o(.text)
    TIM5_IRQHandler                          0x0800027b   Thumb Code     0  startup_stm32f407xx.o(.text)
    TIM6_DAC_IRQHandler                      0x0800027b   Thumb Code     0  startup_stm32f407xx.o(.text)
    TIM7_IRQHandler                          0x0800027b   Thumb Code     0  startup_stm32f407xx.o(.text)
    TIM8_BRK_TIM12_IRQHandler                0x0800027b   Thumb Code     0  startup_stm32f407xx.o(.text)
    TIM8_CC_IRQHandler                       0x0800027b   Thumb Code     0  startup_stm32f407xx.o(.text)
    TIM8_TRG_COM_TIM14_IRQHandler            0x0800027b   Thumb Code     0  startup_stm32f407xx.o(.text)
    TIM8_UP_TIM13_IRQHandler                 0x0800027b   Thumb Code     0  startup_stm32f407xx.o(.text)
    USART2_IRQHandler                        0x0800027b   Thumb Code     0  startup_stm32f407xx.o(.text)
    USART3_IRQHandler                        0x0800027b   Thumb Code     0  startup_stm32f407xx.o(.text)
    USART6_IRQHandler                        0x0800027b   Thumb Code     0  startup_stm32f407xx.o(.text)
    WWDG_IRQHandler                          0x0800027b   Thumb Code     0  startup_stm32f407xx.o(.text)
    __aeabi_uldivmod                         0x08000285   Thumb Code    98  uldiv.o(.text)
    __aeabi_memcpy                           0x080002e7   Thumb Code    36  memcpya.o(.text)
    __aeabi_memcpy4                          0x080002e7   Thumb Code     0  memcpya.o(.text)
    __aeabi_memcpy8                          0x080002e7   Thumb Code     0  memcpya.o(.text)
    __aeabi_memset                           0x0800030b   Thumb Code    14  memseta.o(.text)
    __aeabi_memset4                          0x0800030b   Thumb Code     0  memseta.o(.text)
    __aeabi_memset8                          0x0800030b   Thumb Code     0  memseta.o(.text)
    __aeabi_memclr                           0x08000319   Thumb Code     4  memseta.o(.text)
    __aeabi_memclr4                          0x08000319   Thumb Code     0  memseta.o(.text)
    __aeabi_memclr8                          0x08000319   Thumb Code     0  memseta.o(.text)
    memset                                   0x0800031d   Thumb Code    18  memseta.o(.text)
    __aeabi_dadd                             0x0800032f   Thumb Code   322  dadd.o(.text)
    __aeabi_dsub                             0x08000471   Thumb Code     6  dadd.o(.text)
    __aeabi_drsub                            0x08000477   Thumb Code     6  dadd.o(.text)
    __aeabi_dmul                             0x0800047d   Thumb Code   228  dmul.o(.text)
    __aeabi_ddiv                             0x08000561   Thumb Code   222  ddiv.o(.text)
    __aeabi_i2d                              0x0800063f   Thumb Code    34  dflti.o(.text)
    __aeabi_ui2d                             0x08000661   Thumb Code    26  dfltui.o(.text)
    __aeabi_f2d                              0x0800067b   Thumb Code    38  f2d.o(.text)
    __aeabi_d2f                              0x080006a1   Thumb Code    56  d2f.o(.text)
    __aeabi_llsl                             0x080006d9   Thumb Code    30  llshl.o(.text)
    _ll_shift_l                              0x080006d9   Thumb Code     0  llshl.o(.text)
    __aeabi_llsr                             0x080006f7   Thumb Code    32  llushr.o(.text)
    _ll_ushift_r                             0x080006f7   Thumb Code     0  llushr.o(.text)
    __aeabi_lasr                             0x08000717   Thumb Code    36  llsshr.o(.text)
    _ll_sshift_r                             0x08000717   Thumb Code     0  llsshr.o(.text)
    __I$use$fp                               0x0800073b   Thumb Code     0  iusefp.o(.text)
    _float_round                             0x0800073b   Thumb Code    18  fepilogue.o(.text)
    _float_epilogue                          0x0800074d   Thumb Code    92  fepilogue.o(.text)
    _double_round                            0x080007a9   Thumb Code    30  depilogue.o(.text)
    _double_epilogue                         0x080007c7   Thumb Code   156  depilogue.o(.text)
    _dsqrt                                   0x08000863   Thumb Code   162  dsqrt.o(.text)
    __scatterload                            0x08000905   Thumb Code    28  init.o(.text)
    __scatterload_rt2                        0x08000905   Thumb Code     0  init.o(.text)
    __aeabi_d2iz                             0x08000929   Thumb Code    62  dfixi.o(.text)
    BusFault_Handler                         0x08000967   Thumb Code     2  stm32f4xx_it.o(i.BusFault_Handler)
    CAN1_RX0_IRQHandler                      0x08000969   Thumb Code     6  stm32f4xx_it.o(i.CAN1_RX0_IRQHandler)
    CAN1_RX1_IRQHandler                      0x08000975   Thumb Code     6  stm32f4xx_it.o(i.CAN1_RX1_IRQHandler)
    CAN1_SCE_IRQHandler                      0x08000981   Thumb Code     6  stm32f4xx_it.o(i.CAN1_SCE_IRQHandler)
    CAN1_TX_IRQHandler                       0x0800098d   Thumb Code     6  stm32f4xx_it.o(i.CAN1_TX_IRQHandler)
    CAN2_RX0_IRQHandler                      0x08000999   Thumb Code     6  stm32f4xx_it.o(i.CAN2_RX0_IRQHandler)
    CAN2_RX1_IRQHandler                      0x080009a5   Thumb Code     6  stm32f4xx_it.o(i.CAN2_RX1_IRQHandler)
    CAN2_SCE_IRQHandler                      0x080009b1   Thumb Code     6  stm32f4xx_it.o(i.CAN2_SCE_IRQHandler)
    CAN2_TX_IRQHandler                       0x080009bd   Thumb Code     6  stm32f4xx_it.o(i.CAN2_TX_IRQHandler)
    Chassis_Controller                       0x080009c9   Thumb Code    54  body_controllers.o(i.Chassis_Controller)
    DMA2_Stream2_IRQHandler                  0x08000a0d   Thumb Code     6  stm32f4xx_it.o(i.DMA2_Stream2_IRQHandler)
    DMA2_Stream7_IRQHandler                  0x08000a19   Thumb Code     6  stm32f4xx_it.o(i.DMA2_Stream7_IRQHandler)
    DebugMon_Handler                         0x08000ac9   Thumb Code     2  stm32f4xx_it.o(i.DebugMon_Handler)
    EXTI9_5_IRQHandler                       0x08000acb   Thumb Code     6  stm32f4xx_it.o(i.EXTI9_5_IRQHandler)
    Error_Handler                            0x08000ad1   Thumb Code     4  main.o(i.Error_Handler)
    HAL_CAN_ActivateNotification             0x08000ad5   Thumb Code    36  stm32f4xx_hal_can.o(i.HAL_CAN_ActivateNotification)
    HAL_CAN_AddTxMessage                     0x08000af9   Thumb Code   220  stm32f4xx_hal_can.o(i.HAL_CAN_AddTxMessage)
    HAL_CAN_ConfigFilter                     0x08000bd5   Thumb Code   262  stm32f4xx_hal_can.o(i.HAL_CAN_ConfigFilter)
    HAL_CAN_ErrorCallback                    0x08000ce1   Thumb Code     2  stm32f4xx_hal_can.o(i.HAL_CAN_ErrorCallback)
    HAL_CAN_GetRxMessage                     0x08000ce3   Thumb Code   232  stm32f4xx_hal_can.o(i.HAL_CAN_GetRxMessage)
    HAL_CAN_GetTxMailboxesFreeLevel          0x08000dcb   Thumb Code    44  stm32f4xx_hal_can.o(i.HAL_CAN_GetTxMailboxesFreeLevel)
    HAL_CAN_IRQHandler                       0x08000df7   Thumb Code   508  stm32f4xx_hal_can.o(i.HAL_CAN_IRQHandler)
    HAL_CAN_Init                             0x08000ff3   Thumb Code   282  stm32f4xx_hal_can.o(i.HAL_CAN_Init)
    HAL_CAN_MspInit                          0x0800110d   Thumb Code   324  can.o(i.HAL_CAN_MspInit)
    HAL_CAN_RxFifo0FullCallback              0x08001269   Thumb Code     2  stm32f4xx_hal_can.o(i.HAL_CAN_RxFifo0FullCallback)
    HAL_CAN_RxFifo0MsgPendingCallback        0x0800126d   Thumb Code   108  user_can_init.o(i.HAL_CAN_RxFifo0MsgPendingCallback)
    HAL_CAN_RxFifo1FullCallback              0x080012e9   Thumb Code     2  stm32f4xx_hal_can.o(i.HAL_CAN_RxFifo1FullCallback)
    HAL_CAN_RxFifo1MsgPendingCallback        0x080012eb   Thumb Code     2  stm32f4xx_hal_can.o(i.HAL_CAN_RxFifo1MsgPendingCallback)
    HAL_CAN_SleepCallback                    0x080012ed   Thumb Code     2  stm32f4xx_hal_can.o(i.HAL_CAN_SleepCallback)
    HAL_CAN_Start                            0x080012ef   Thumb Code    86  stm32f4xx_hal_can.o(i.HAL_CAN_Start)
    HAL_CAN_TxMailbox0AbortCallback          0x08001345   Thumb Code     2  stm32f4xx_hal_can.o(i.HAL_CAN_TxMailbox0AbortCallback)
    HAL_CAN_TxMailbox0CompleteCallback       0x08001347   Thumb Code     2  stm32f4xx_hal_can.o(i.HAL_CAN_TxMailbox0CompleteCallback)
    HAL_CAN_TxMailbox1AbortCallback          0x08001349   Thumb Code     2  stm32f4xx_hal_can.o(i.HAL_CAN_TxMailbox1AbortCallback)
    HAL_CAN_TxMailbox1CompleteCallback       0x0800134b   Thumb Code     2  stm32f4xx_hal_can.o(i.HAL_CAN_TxMailbox1CompleteCallback)
    HAL_CAN_TxMailbox2AbortCallback          0x0800134d   Thumb Code     2  stm32f4xx_hal_can.o(i.HAL_CAN_TxMailbox2AbortCallback)
    HAL_CAN_TxMailbox2CompleteCallback       0x0800134f   Thumb Code     2  stm32f4xx_hal_can.o(i.HAL_CAN_TxMailbox2CompleteCallback)
    HAL_CAN_WakeUpFromRxMsgCallback          0x08001351   Thumb Code     2  stm32f4xx_hal_can.o(i.HAL_CAN_WakeUpFromRxMsgCallback)
    HAL_DMA_Abort                            0x08001353   Thumb Code   146  stm32f4xx_hal_dma.o(i.HAL_DMA_Abort)
    HAL_DMA_Abort_IT                         0x080013e5   Thumb Code    36  stm32f4xx_hal_dma.o(i.HAL_DMA_Abort_IT)
    HAL_DMA_DeInit                           0x08001409   Thumb Code    98  stm32f4xx_hal_dma.o(i.HAL_DMA_DeInit)
    HAL_DMA_IRQHandler                       0x0800146d   Thumb Code   412  stm32f4xx_hal_dma.o(i.HAL_DMA_IRQHandler)
    HAL_DMA_Init                             0x0800160d   Thumb Code   206  stm32f4xx_hal_dma.o(i.HAL_DMA_Init)
    HAL_DMA_Start_IT                         0x080016e1   Thumb Code   110  stm32f4xx_hal_dma.o(i.HAL_DMA_Start_IT)
    HAL_Delay                                0x08001751   Thumb Code    32  stm32f4xx_hal.o(i.HAL_Delay)
    HAL_GPIO_DeInit                          0x08001775   Thumb Code   246  stm32f4xx_hal_gpio.o(i.HAL_GPIO_DeInit)
    HAL_GPIO_EXTI_Callback                   0x08001895   Thumb Code   126  air_joy.o(i.HAL_GPIO_EXTI_Callback)
    HAL_GPIO_EXTI_IRQHandler                 0x0800191d   Thumb Code    18  stm32f4xx_hal_gpio.o(i.HAL_GPIO_EXTI_IRQHandler)
    HAL_GPIO_Init                            0x08001935   Thumb Code   418  stm32f4xx_hal_gpio.o(i.HAL_GPIO_Init)
    HAL_GPIO_WritePin                        0x08001b05   Thumb Code    10  stm32f4xx_hal_gpio.o(i.HAL_GPIO_WritePin)
    HAL_GetTick                              0x08001b11   Thumb Code     6  stm32f4xx_hal.o(i.HAL_GetTick)
    HAL_I2C_Init                             0x08001b1d   Thumb Code   376  stm32f4xx_hal_i2c.o(i.HAL_I2C_Init)
    HAL_I2C_MspInit                          0x08001ca5   Thumb Code   150  i2c.o(i.HAL_I2C_MspInit)
    HAL_IncTick                              0x08001d4d   Thumb Code    12  stm32f4xx_hal.o(i.HAL_IncTick)
    HAL_Init                                 0x08001d5d   Thumb Code    48  stm32f4xx_hal.o(i.HAL_Init)
    HAL_InitTick                             0x08001d91   Thumb Code   132  stm32f4xx_hal_timebase_tim.o(i.HAL_InitTick)
    HAL_MspInit                              0x08001e29   Thumb Code    52  stm32f4xx_hal_msp.o(i.HAL_MspInit)
    HAL_NVIC_DisableIRQ                      0x08001e61   Thumb Code    34  stm32f4xx_hal_cortex.o(i.HAL_NVIC_DisableIRQ)
    HAL_NVIC_EnableIRQ                       0x08001e83   Thumb Code    26  stm32f4xx_hal_cortex.o(i.HAL_NVIC_EnableIRQ)
    HAL_NVIC_SetPriority                     0x08001e9d   Thumb Code    60  stm32f4xx_hal_cortex.o(i.HAL_NVIC_SetPriority)
    HAL_NVIC_SetPriorityGrouping             0x08001edd   Thumb Code    26  stm32f4xx_hal_cortex.o(i.HAL_NVIC_SetPriorityGrouping)
    HAL_RCC_ClockConfig                      0x08001f01   Thumb Code   288  stm32f4xx_hal_rcc.o(i.HAL_RCC_ClockConfig)
    HAL_RCC_GetClockConfig                   0x08002035   Thumb Code    54  stm32f4xx_hal_rcc.o(i.HAL_RCC_GetClockConfig)
    HAL_RCC_GetPCLK1Freq                     0x08002075   Thumb Code    20  stm32f4xx_hal_rcc.o(i.HAL_RCC_GetPCLK1Freq)
    HAL_RCC_GetPCLK2Freq                     0x08002095   Thumb Code    20  stm32f4xx_hal_rcc.o(i.HAL_RCC_GetPCLK2Freq)
    HAL_RCC_GetSysClockFreq                  0x080020b5   Thumb Code    88  stm32f4xx_hal_rcc.o(i.HAL_RCC_GetSysClockFreq)
    HAL_RCC_OscConfig                        0x08002115   Thumb Code   836  stm32f4xx_hal_rcc.o(i.HAL_RCC_OscConfig)
    HAL_TIMEx_BreakCallback                  0x0800246d   Thumb Code     2  stm32f4xx_hal_tim_ex.o(i.HAL_TIMEx_BreakCallback)
    HAL_TIMEx_CommutCallback                 0x0800246f   Thumb Code     2  stm32f4xx_hal_tim_ex.o(i.HAL_TIMEx_CommutCallback)
    HAL_TIMEx_MasterConfigSynchronization    0x08002471   Thumb Code   116  stm32f4xx_hal_tim_ex.o(i.HAL_TIMEx_MasterConfigSynchronization)
    HAL_TIM_Base_Init                        0x08002501   Thumb Code    90  stm32f4xx_hal_tim.o(i.HAL_TIM_Base_Init)
    HAL_TIM_Base_MspInit                     0x0800255d   Thumb Code   140  tim.o(i.HAL_TIM_Base_MspInit)
    HAL_TIM_Base_Start_IT                    0x080025fd   Thumb Code   100  stm32f4xx_hal_tim.o(i.HAL_TIM_Base_Start_IT)
    HAL_TIM_ConfigClockSource                0x0800267d   Thumb Code   220  stm32f4xx_hal_tim.o(i.HAL_TIM_ConfigClockSource)
    HAL_TIM_IC_CaptureCallback               0x08002759   Thumb Code     2  stm32f4xx_hal_tim.o(i.HAL_TIM_IC_CaptureCallback)
    HAL_TIM_IRQHandler                       0x0800275b   Thumb Code   358  stm32f4xx_hal_tim.o(i.HAL_TIM_IRQHandler)
    HAL_TIM_MspPostInit                      0x080028c1   Thumb Code   158  tim.o(i.HAL_TIM_MspPostInit)
    HAL_TIM_OC_DelayElapsedCallback          0x0800297d   Thumb Code     2  stm32f4xx_hal_tim.o(i.HAL_TIM_OC_DelayElapsedCallback)
    HAL_TIM_PWM_ConfigChannel                0x0800297f   Thumb Code   204  stm32f4xx_hal_tim.o(i.HAL_TIM_PWM_ConfigChannel)
    HAL_TIM_PWM_Init                         0x08002a4b   Thumb Code    90  stm32f4xx_hal_tim.o(i.HAL_TIM_PWM_Init)
    HAL_TIM_PWM_MspInit                      0x08002aa5   Thumb Code     2  stm32f4xx_hal_tim.o(i.HAL_TIM_PWM_MspInit)
    HAL_TIM_PWM_PulseFinishedCallback        0x08002aa7   Thumb Code     2  stm32f4xx_hal_tim.o(i.HAL_TIM_PWM_PulseFinishedCallback)
    HAL_TIM_PWM_Start                        0x08002aa9   Thumb Code   178  stm32f4xx_hal_tim.o(i.HAL_TIM_PWM_Start)
    HAL_TIM_PeriodElapsedCallback            0x08002b79   Thumb Code   116  main.o(i.HAL_TIM_PeriodElapsedCallback)
    HAL_TIM_TriggerCallback                  0x08002c05   Thumb Code     2  stm32f4xx_hal_tim.o(i.HAL_TIM_TriggerCallback)
    HAL_UARTEx_RxEventCallback               0x08002c07   Thumb Code     2  stm32f4xx_hal_uart.o(i.HAL_UARTEx_RxEventCallback)
    HAL_UART_ErrorCallback                   0x08002c09   Thumb Code     2  stm32f4xx_hal_uart.o(i.HAL_UART_ErrorCallback)
    HAL_UART_IRQHandler                      0x08002c0d   Thumb Code   610  stm32f4xx_hal_uart.o(i.HAL_UART_IRQHandler)
    HAL_UART_Init                            0x08002e75   Thumb Code    98  stm32f4xx_hal_uart.o(i.HAL_UART_Init)
    HAL_UART_MspDeInit                       0x08002ed9   Thumb Code   124  usart.o(i.HAL_UART_MspDeInit)
    HAL_UART_MspInit                         0x08002f71   Thumb Code   426  usart.o(i.HAL_UART_MspInit)
    HAL_UART_Receive_DMA                     0x08003141   Thumb Code    42  stm32f4xx_hal_uart.o(i.HAL_UART_Receive_DMA)
    HAL_UART_Receive_IT                      0x0800316b   Thumb Code    42  stm32f4xx_hal_uart.o(i.HAL_UART_Receive_IT)
    HAL_UART_RxCpltCallback                  0x08003195   Thumb Code   114  communication.o(i.HAL_UART_RxCpltCallback)
    HAL_UART_RxHalfCpltCallback              0x08003221   Thumb Code     2  stm32f4xx_hal_uart.o(i.HAL_UART_RxHalfCpltCallback)
    HAL_UART_TxCpltCallback                  0x08003223   Thumb Code     2  stm32f4xx_hal_uart.o(i.HAL_UART_TxCpltCallback)
    HaoYing_U8_Init                          0x08003225   Thumb Code    60  haoying_u8.o(i.HaoYing_U8_Init)
    HardFault_Handler                        0x0800326d   Thumb Code     2  stm32f4xx_it.o(i.HardFault_Handler)
    Homeing_Mode                             0x08003271   Thumb Code    76  motor_drive.o(i.Homeing_Mode)
    M3508_Send_Currents                      0x080032c5   Thumb Code   188  rm_motor.o(i.M3508_Send_Currents)
    MX_CAN1_Init                             0x08003389   Thumb Code    62  can.o(i.MX_CAN1_Init)
    MX_CAN2_Init                             0x080033d1   Thumb Code    62  can.o(i.MX_CAN2_Init)
    MX_DMA_Init                              0x08003419   Thumb Code    56  dma.o(i.MX_DMA_Init)
    MX_FREERTOS_Init                         0x08003455   Thumb Code   112  freertos.o(i.MX_FREERTOS_Init)
    MX_GPIO_Init                             0x080034e5   Thumb Code   240  gpio.o(i.MX_GPIO_Init)
    MX_I2C1_Init                             0x080035e5   Thumb Code    50  i2c.o(i.MX_I2C1_Init)
    MX_I2C2_Init                             0x08003625   Thumb Code    50  i2c.o(i.MX_I2C2_Init)
    MX_TIM10_Init                            0x08003665   Thumb Code    96  tim.o(i.MX_TIM10_Init)
    MX_TIM13_Init                            0x080036cd   Thumb Code    96  tim.o(i.MX_TIM13_Init)
    MX_TIM14_Init                            0x08003735   Thumb Code    96  tim.o(i.MX_TIM14_Init)
    MX_TIM2_Init                             0x0800379d   Thumb Code    98  tim.o(i.MX_TIM2_Init)
    MX_TIM9_Init                             0x08003805   Thumb Code   124  tim.o(i.MX_TIM9_Init)
    MX_UART4_Init                            0x08003889   Thumb Code    48  usart.o(i.MX_UART4_Init)
    MX_UART5_Init                            0x080038c1   Thumb Code    48  usart.o(i.MX_UART5_Init)
    MX_USART1_UART_Init                      0x080038f9   Thumb Code    48  usart.o(i.MX_USART1_UART_Init)
    Max_Value_Limit                          0x08003931   Thumb Code    34  motor_drive.o(i.Max_Value_Limit)
    MemManage_Handler                        0x08003953   Thumb Code     2  stm32f4xx_it.o(i.MemManage_Handler)
    Motor_Control                            0x08003955   Thumb Code   618  motor_drive.o(i.Motor_Control)
    Motor_Control_Function                   0x08003bd9   Thumb Code    12  freertos.o(i.Motor_Control_Function)
    Motor_Type_Init                          0x08003be5   Thumb Code    38  config.o(i.Motor_Type_Init)
    Move_Init                                0x08003c11   Thumb Code   140  move.o(i.Move_Init)
    NMI_Handler                              0x08003cb9   Thumb Code     2  stm32f4xx_it.o(i.NMI_Handler)
    PID_Abs_Limit                            0x08003cbb   Thumb Code    34  pid.o(i.PID_Abs_Limit)
    PID_Incremental_PID_Calculation          0x08003cdd   Thumb Code   180  pid.o(i.PID_Incremental_PID_Calculation)
    PID_Parameter_Init                       0x08003d95   Thumb Code    54  pid.o(i.PID_Parameter_Init)
    PID_Position_Calculate                   0x08003dd1   Thumb Code   180  pid.o(i.PID_Position_Calculate)
    Pid_Init_All                             0x08003e89   Thumb Code   514  config.o(i.Pid_Init_All)
    RM_MOTOR_Angle_Integral                  0x080040d9   Thumb Code   238  rm_motor.o(i.RM_MOTOR_Angle_Integral)
    ROS_32_Serial_Function                   0x080041dd   Thumb Code    36  freertos.o(i.ROS_32_Serial_Function)
    ROS_Control                              0x08004205   Thumb Code    36  body_controllers.o(i.ROS_Control)
    Robot_Wheels_RPM_calculate               0x08004231   Thumb Code   314  chassis.o(i.Robot_Wheels_RPM_calculate)
    STM32_READ_FROM_ROS_FLOAT                0x08004391   Thumb Code   330  communication.o(i.STM32_READ_FROM_ROS_FLOAT)
    Speed_Control                            0x08004511   Thumb Code    18  motor_drive.o(i.Speed_Control)
    StartDefaultTask                         0x08004523   Thumb Code     8  freertos.o(i.StartDefaultTask)
    SysTick_Handler                          0x0800452b   Thumb Code    26  cmsis_os2.o(i.SysTick_Handler)
    SystemClock_Config                       0x08004545   Thumb Code   138  main.o(i.SystemClock_Config)
    SystemInit                               0x080045d9   Thumb Code    12  system_stm32f4xx.o(i.SystemInit)
    TIM2_IRQHandler                          0x080045e9   Thumb Code     6  stm32f4xx_it.o(i.TIM2_IRQHandler)
    TIM3_IRQHandler                          0x080045f5   Thumb Code     6  stm32f4xx_it.o(i.TIM3_IRQHandler)
    TIM_Base_SetConfig                       0x08004601   Thumb Code   156  stm32f4xx_hal_tim.o(i.TIM_Base_SetConfig)
    TIM_CCxChannelCmd                        0x080046c9   Thumb Code    26  stm32f4xx_hal_tim.o(i.TIM_CCxChannelCmd)
    TIM_ETR_SetConfig                        0x080046e3   Thumb Code    20  stm32f4xx_hal_tim.o(i.TIM_ETR_SetConfig)
    TIM_OC2_SetConfig                        0x08004769   Thumb Code    98  stm32f4xx_hal_tim.o(i.TIM_OC2_SetConfig)
    TakeBall_Controller                      0x080048d5   Thumb Code    58  body_controllers.o(i.TakeBall_Controller)
    U8_and_VESC_Function                     0x08004921   Thumb Code    54  freertos.o(i.U8_and_VESC_Function)
    UART4_IRQHandler                         0x08004961   Thumb Code     6  stm32f4xx_it.o(i.UART4_IRQHandler)
    UART5_IRQHandler                         0x0800496d   Thumb Code     6  stm32f4xx_it.o(i.UART5_IRQHandler)
    UART_Start_Receive_DMA                   0x08004ca5   Thumb Code   138  stm32f4xx_hal_uart.o(i.UART_Start_Receive_DMA)
    UART_Start_Receive_IT                    0x08004d3d   Thumb Code    58  stm32f4xx_hal_uart.o(i.UART_Start_Receive_IT)
    USART1_IRQHandler                        0x08004d79   Thumb Code     6  stm32f4xx_it.o(i.USART1_IRQHandler)
    USART_Send_String                        0x08004d85   Thumb Code    34  communication.o(i.USART_Send_String)
    Update_Action_gl_position                0x08004dad   Thumb Code   138  action.o(i.Update_Action_gl_position)
    UsageFault_Handler                       0x08004e41   Thumb Code     2  stm32f4xx_it.o(i.UsageFault_Handler)
    Usart_Send_Data                          0x08004e45   Thumb Code    94  communication.o(i.Usart_Send_Data)
    User_Open_Can1                           0x08004ead   Thumb Code    90  user_can_init.o(i.User_Open_Can1)
    User_Open_Can2                           0x08004f0d   Thumb Code    92  user_can_init.o(i.User_Open_Can2)
    VESC_Control                             0x08004f6d   Thumb Code    72  motor_drive.o(i.VESC_Control)
    VESC_Init                                0x08004fb5   Thumb Code    54  config.o(i.VESC_Init)
    Velocity_Planning_MODE                   0x08004ff1   Thumb Code   494  motor_drive.o(i.Velocity_Planning_MODE)
    __ARM_fpclassify                         0x080051e9   Thumb Code    48  fpclassify.o(i.__ARM_fpclassify)
    __hardfp_cos                             0x08005239   Thumb Code   180  cos.o(i.__hardfp_cos)
    __hardfp_sin                             0x08005301   Thumb Code   180  sin.o(i.__hardfp_sin)
    __hardfp_sqrt                            0x080053c9   Thumb Code   122  sqrt.o(i.__hardfp_sqrt)
    __ieee754_rem_pio2                       0x08005449   Thumb Code   938  rred.o(i.__ieee754_rem_pio2)
    __kernel_cos                             0x08005881   Thumb Code   322  cos_i.o(i.__kernel_cos)
    __kernel_poly                            0x080059f1   Thumb Code   248  poly.o(i.__kernel_poly)
    __kernel_sin                             0x08005ae9   Thumb Code   280  sin_i.o(i.__kernel_sin)
    __mathlib_dbl_infnan                     0x08005c19   Thumb Code    20  dunder.o(i.__mathlib_dbl_infnan)
    __mathlib_dbl_invalid                    0x08005c31   Thumb Code    24  dunder.o(i.__mathlib_dbl_invalid)
    __mathlib_dbl_underflow                  0x08005c51   Thumb Code    24  dunder.o(i.__mathlib_dbl_underflow)
    __scatterload_copy                       0x08005c71   Thumb Code    14  handlers.o(i.__scatterload_copy)
    __scatterload_null                       0x08005c7f   Thumb Code     2  handlers.o(i.__scatterload_null)
    __scatterload_zeroinit                   0x08005c81   Thumb Code    14  handlers.o(i.__scatterload_zeroinit)
    __set_errno                              0x08005c91   Thumb Code     6  errno.o(i.__set_errno)
    action_data_analyse                      0x08005c9d   Thumb Code   112  action.o(i.action_data_analyse)
    buffer_append_int32                      0x08005d19   Thumb Code    42  vesc_can.o(i.buffer_append_int32)
    buffer_get_int16                         0x08005d43   Thumb Code    16  vesc_can.o(i.buffer_get_int16)
    buffer_get_int32                         0x08005d53   Thumb Code    32  vesc_can.o(i.buffer_get_int32)
    buffer_get_uint32                        0x08005d73   Thumb Code    32  vesc_can.o(i.buffer_get_uint32)
    can_get_data                             0x08005d95   Thumb Code   218  vesc_can.o(i.can_get_data)
    chassis_control_f                        0x08005e7d   Thumb Code    12  freertos.o(i.chassis_control_f)
    comm_can_set_current                     0x08005e89   Thumb Code    48  vesc_can.o(i.comm_can_set_current)
    comm_can_set_duty                        0x08005ebd   Thumb Code    46  vesc_can.o(i.comm_can_set_duty)
    comm_can_set_pos                         0x08005ef1   Thumb Code    48  vesc_can.o(i.comm_can_set_pos)
    comm_can_set_rpm                         0x08005f25   Thumb Code    40  vesc_can.o(i.comm_can_set_rpm)
    comm_can_transmit_eid                    0x08005f4d   Thumb Code    62  vesc_can.o(i.comm_can_transmit_eid)
    debug_safe_printf                        0x08005f91   Thumb Code     6  freertos.o(i.debug_safe_printf)
    fabs                                     0x08005f9d   Thumb Code    24  fabs.o(i.fabs)
    get_motor_measure                        0x08005fb5   Thumb Code   222  rm_motor.o(i.get_motor_measure)
    main                                     0x08006099   Thumb Code   132  main.o(i.main)
    osDelay                                  0x0800612d   Thumb Code    26  cmsis_os2.o(i.osDelay)
    osKernelInitialize                       0x08006149   Thumb Code    32  cmsis_os2.o(i.osKernelInitialize)
    osKernelStart                            0x0800616d   Thumb Code    48  cmsis_os2.o(i.osKernelStart)
    osMessageQueueNew                        0x080061a5   Thumb Code    88  cmsis_os2.o(i.osMessageQueueNew)
    osMutexNew                               0x080061fd   Thumb Code   104  cmsis_os2.o(i.osMutexNew)
    osThreadNew                              0x08006265   Thumb Code   136  cmsis_os2.o(i.osThreadNew)
    pvPortMalloc                             0x08006a8d   Thumb Code   216  heap_4.o(i.pvPortMalloc)
    pxPortInitialiseStack                    0x08006b69   Thumb Code    40  port.o(i.pxPortInitialiseStack)
    serial_get_crc8_value                    0x08006b95   Thumb Code    46  communication.o(i.serial_get_crc8_value)
    u8_speed_set                             0x08006bc5   Thumb Code    62  haoying_u8.o(i.u8_speed_set)
    upper_control_f                          0x08006c11   Thumb Code    12  freertos.o(i.upper_control_f)
    uxListRemove                             0x08006c1d   Thumb Code    38  list.o(i.uxListRemove)
    vApplicationGetIdleTaskMemory            0x08006c45   Thumb Code    16  cmsis_os2.o(i.vApplicationGetIdleTaskMemory)
    vApplicationGetTimerTaskMemory           0x08006c59   Thumb Code    18  cmsis_os2.o(i.vApplicationGetTimerTaskMemory)
    vListInitialise                          0x08006c71   Thumb Code    22  list.o(i.vListInitialise)
    vListInitialiseItem                      0x08006c87   Thumb Code     6  list.o(i.vListInitialiseItem)
    vListInsert                              0x08006c8d   Thumb Code    48  list.o(i.vListInsert)
    vListInsertEnd                           0x08006cbd   Thumb Code    24  list.o(i.vListInsertEnd)
    vPortEnterCritical                       0x08006cd5   Thumb Code    54  port.o(i.vPortEnterCritical)
    vPortExitCritical                        0x08006d15   Thumb Code    34  port.o(i.vPortExitCritical)
    vPortFree                                0x08006d3d   Thumb Code    94  heap_4.o(i.vPortFree)
    vPortSetupTimerInterrupt                 0x08006da1   Thumb Code    32  port.o(i.vPortSetupTimerInterrupt)
    vPortValidateInterruptPriority           0x08006dc5   Thumb Code    74  port.o(i.vPortValidateInterruptPriority)
    vQueueAddToRegistry                      0x08006e19   Thumb Code    32  queue.o(i.vQueueAddToRegistry)
    vQueueWaitForMessageRestricted           0x08006e3d   Thumb Code    68  queue.o(i.vQueueWaitForMessageRestricted)
    vTaskDelay                               0x08006e81   Thumb Code    66  tasks.o(i.vTaskDelay)
    vTaskInternalSetTimeOutState             0x08006ecd   Thumb Code    12  tasks.o(i.vTaskInternalSetTimeOutState)
    vTaskMissedYield                         0x08006edd   Thumb Code     8  tasks.o(i.vTaskMissedYield)
    vTaskPlaceOnEventList                    0x08006ee9   Thumb Code    44  tasks.o(i.vTaskPlaceOnEventList)
    vTaskPlaceOnEventListRestricted          0x08006f19   Thumb Code    52  tasks.o(i.vTaskPlaceOnEventListRestricted)
    vTaskStartScheduler                      0x08006f51   Thumb Code   116  tasks.o(i.vTaskStartScheduler)
    vTaskSuspendAll                          0x08006fd5   Thumb Code    10  tasks.o(i.vTaskSuspendAll)
    vTaskSwitchContext                       0x08006fe5   Thumb Code    90  tasks.o(i.vTaskSwitchContext)
    xPortStartScheduler                      0x08007049   Thumb Code   224  port.o(i.xPortStartScheduler)
    xPortSysTickHandler                      0x0800713d   Thumb Code    38  port.o(i.xPortSysTickHandler)
    xQueueCreateMutex                        0x08007169   Thumb Code    22  queue.o(i.xQueueCreateMutex)
    xQueueCreateMutexStatic                  0x0800717f   Thumb Code    26  queue.o(i.xQueueCreateMutexStatic)
    xQueueGenericCreate                      0x08007199   Thumb Code    66  queue.o(i.xQueueGenericCreate)
    xQueueGenericCreateStatic                0x080071db   Thumb Code   102  queue.o(i.xQueueGenericCreateStatic)
    xQueueGenericReset                       0x08007241   Thumb Code   132  queue.o(i.xQueueGenericReset)
    xQueueGenericSend                        0x080072c9   Thumb Code   350  queue.o(i.xQueueGenericSend)
    xQueueGenericSendFromISR                 0x0800742d   Thumb Code   190  queue.o(i.xQueueGenericSendFromISR)
    xQueueReceive                            0x080074ed   Thumb Code   308  queue.o(i.xQueueReceive)
    xTaskCheckForTimeOut                     0x08007625   Thumb Code   112  tasks.o(i.xTaskCheckForTimeOut)
    xTaskCreate                              0x08007699   Thumb Code    90  tasks.o(i.xTaskCreate)
    xTaskCreateStatic                        0x080076f3   Thumb Code    90  tasks.o(i.xTaskCreateStatic)
    xTaskGetSchedulerState                   0x0800774d   Thumb Code    22  tasks.o(i.xTaskGetSchedulerState)
    xTaskGetTickCount                        0x08007769   Thumb Code     6  tasks.o(i.xTaskGetTickCount)
    xTaskIncrementTick                       0x08007775   Thumb Code   192  tasks.o(i.xTaskIncrementTick)
    xTaskPriorityDisinherit                  0x0800783d   Thumb Code   116  tasks.o(i.xTaskPriorityDisinherit)
    xTaskRemoveFromEventList                 0x080078b9   Thumb Code    98  tasks.o(i.xTaskRemoveFromEventList)
    xTaskResumeAll                           0x08007929   Thumb Code   180  tasks.o(i.xTaskResumeAll)
    xTimerCreateTimerTask                    0x080079e9   Thumb Code    78  timers.o(i.xTimerCreateTimerTask)
    xTimerGenericCommand                     0x08007a49   Thumb Code    94  timers.o(i.xTimerGenericCommand)
    defaultTask_attributes                   0x08007aac   Data          36  freertos.o(.constdata)
    ROS_32_Serial_attributes                 0x08007ad0   Data          36  freertos.o(.constdata)
    Motor_Control_attributes                 0x08007af4   Data          36  freertos.o(.constdata)
    U8_and_VESC_attributes                   0x08007b18   Data          36  freertos.o(.constdata)
    upper_control_attributes                 0x08007b3c   Data          36  freertos.o(.constdata)
    chassis_control_attributes               0x08007b60   Data          36  freertos.o(.constdata)
    uart_queue_attributes                    0x08007b84   Data          24  freertos.o(.constdata)
    safe_printf_attributes                   0x08007b9c   Data          16  freertos.o(.constdata)
    AHBPrescTable                            0x08007bb4   Data          16  system_stm32f4xx.o(.constdata)
    APBPrescTable                            0x08007bc4   Data           8  system_stm32f4xx.o(.constdata)
    serial_header                            0x08007bcc   Data           2  communication.o(.constdata)
    Region$$Table$$Base                      0x08007d60   Number         0  anon$$obj.o(Region$$Table)
    Region$$Table$$Limit                     0x08007d80   Number         0  anon$$obj.o(Region$$Table)
    defaultTaskHandle                        0x20000004   Data           4  freertos.o(.data)
    ROS_32_SerialHandle                      0x20000008   Data           4  freertos.o(.data)
    Motor_ControlHandle                      0x2000000c   Data           4  freertos.o(.data)
    U8_and_VESCHandle                        0x20000010   Data           4  freertos.o(.data)
    upper_controlHandle                      0x20000014   Data           4  freertos.o(.data)
    chassis_controlHandle                    0x20000018   Data           4  freertos.o(.data)
    uart_queueHandle                         0x2000001c   Data           4  freertos.o(.data)
    safe_printfHandle                        0x20000020   Data           4  freertos.o(.data)
    uwTickFreq                               0x20000028   Data           1  stm32f4xx_hal.o(.data)
    uwTickPrio                               0x2000002c   Data           4  stm32f4xx_hal.o(.data)
    uwTick                                   0x20000030   Data           4  stm32f4xx_hal.o(.data)
    SystemCoreClock                          0x20000034   Data           4  system_stm32f4xx.o(.data)
    pxCurrentTCB                             0x20000038   Data           4  tasks.o(.data)
    test                                     0x200000b8   Data           1  communication.o(.data)
    USART_Receiver1                          0x200000b9   Data           1  communication.o(.data)
    RosToStm32_CHASSIS_X                     0x200000c8   Data           4  communication.o(.data)
    RosToStm32_CHASSIS_Y                     0x200000cc   Data           4  communication.o(.data)
    RosToStm32_CHASSIS_W                     0x200000d0   Data           4  communication.o(.data)
    test_id                                  0x200000d4   Data           2  user_can_init.o(.data)
    RxData                                   0x200000d6   Data           8  user_can_init.o(.data)
    RxData2                                  0x200000de   Data           8  user_can_init.o(.data)
    Time_Sys                                 0x200000f0   Data           8  air_joy.o(.data)
    Microsecond_Cnt                          0x200000f8   Data           2  air_joy.o(.data)
    ppm_update_flag                          0x200000fc   Data           1  air_joy.o(.data)
    now_ppm_time_send                        0x20000104   Data           4  air_joy.o(.data)
    TIME_ISR_CNT                             0x20000108   Data           4  air_joy.o(.data)
    LAST_TIME_ISR_CNT                        0x20000114   Data           4  air_joy.o(.data)
    hcan1                                    0x2000011c   Data          40  can.o(.bss)
    hcan2                                    0x20000144   Data          40  can.o(.bss)
    hi2c1                                    0x2000016c   Data          84  i2c.o(.bss)
    hi2c2                                    0x200001c0   Data          84  i2c.o(.bss)
    htim2                                    0x20000214   Data          72  tim.o(.bss)
    htim9                                    0x2000025c   Data          72  tim.o(.bss)
    htim10                                   0x200002a4   Data          72  tim.o(.bss)
    htim13                                   0x200002ec   Data          72  tim.o(.bss)
    htim14                                   0x20000334   Data          72  tim.o(.bss)
    huart4                                   0x2000037c   Data          68  usart.o(.bss)
    huart5                                   0x200003c0   Data          68  usart.o(.bss)
    huart1                                   0x20000404   Data          68  usart.o(.bss)
    hdma_usart1_tx                           0x20000448   Data          96  usart.o(.bss)
    hdma_usart1_rx                           0x200004a8   Data          96  usart.o(.bss)
    htim3                                    0x20000508   Data          72  stm32f4xx_hal_timebase_tim.o(.bss)
    xQueueRegistry                           0x20000550   Data          64  queue.o(.bss)
    ROBOT_CHASSI                             0x20004e24   Data          64  chassis.o(.bss)
    receivesend_buff                         0x20004e64   Data          22  communication.o(.bss)
    MOTO_REAL_INFO                           0x20004e7c   Data        1248  motor_drive.o(.bss)
    MOTOR_PID_RPM                            0x2000535c   Data         512  motor_drive.o(.bss)
    MOTOR_PID_POS                            0x2000555c   Data         512  motor_drive.o(.bss)
    VESC_MOTO_INFO                           0x2000575c   Data         216  motor_drive.o(.bss)
    R2_CONTROLLER                            0x20005834   Data          76  body_controllers.o(.bss)
    ACTION_GL_POS_DATA                       0x20005880   Data          48  action.o(.bss)
    ROBOT_REAL_POS_DATA                      0x200058b0   Data          16  action.o(.bss)
    PPM_Databuf                              0x200058ec   Data          20  air_joy.o(.bss)
    YAW_PID                                  0x20005900   Data          64  move.o(.bss)
    POINT_PID_X                              0x20005940   Data          64  move.o(.bss)
    POINT_PID_Y                              0x20005980   Data          64  move.o(.bss)
    now_path_point                           0x200059c0   Data          24  move.o(.bss)
    __initial_sp                             0x20005dd8   Data           0  startup_stm32f407xx.o(STACK)



==============================================================================

Memory Map of the image

  Image Entry point : 0x08000189

  Load Region LR_IROM1 (Base: 0x08000000, Size: 0x00007e9c, Max: 0x00100000, ABSOLUTE)

    Execution Region ER_IROM1 (Exec base: 0x08000000, Load base: 0x08000000, Size: 0x00007d80, Max: 0x00100000, ABSOLUTE)

    Exec Addr    Load Addr    Size         Type   Attr      Idx    E Section Name        Object

    0x08000000   0x08000000   0x00000188   Data   RO            3    RESET               startup_stm32f407xx.o
    0x08000188   0x08000188   0x00000000   Code   RO         6858  * .ARM.Collect$$$$00000000  mc_w.l(entry.o)
    0x08000188   0x08000188   0x00000004   Code   RO         7189    .ARM.Collect$$$$00000001  mc_w.l(entry2.o)
    0x0800018c   0x0800018c   0x00000004   Code   RO         7192    .ARM.Collect$$$$00000004  mc_w.l(entry5.o)
    0x08000190   0x08000190   0x00000000   Code   RO         7194    .ARM.Collect$$$$00000008  mc_w.l(entry7b.o)
    0x08000190   0x08000190   0x00000000   Code   RO         7196    .ARM.Collect$$$$0000000A  mc_w.l(entry8b.o)
    0x08000190   0x08000190   0x00000008   Code   RO         7197    .ARM.Collect$$$$0000000B  mc_w.l(entry9a.o)
    0x08000198   0x08000198   0x00000004   Code   RO         7204    .ARM.Collect$$$$0000000E  mc_w.l(entry12b.o)
    0x0800019c   0x0800019c   0x00000000   Code   RO         7199    .ARM.Collect$$$$0000000F  mc_w.l(entry10a.o)
    0x0800019c   0x0800019c   0x00000000   Code   RO         7201    .ARM.Collect$$$$00000011  mc_w.l(entry11a.o)
    0x0800019c   0x0800019c   0x00000004   Code   RO         7190    .ARM.Collect$$$$00002712  mc_w.l(entry2.o)
    0x080001a0   0x080001a0   0x000000be   Code   RO         5729    .emb_text           port.o
    0x0800025e   0x0800025e   0x00000002   PAD
    0x08000260   0x08000260   0x00000024   Code   RO            4    .text               startup_stm32f407xx.o
    0x08000284   0x08000284   0x00000062   Code   RO         6861    .text               mc_w.l(uldiv.o)
    0x080002e6   0x080002e6   0x00000024   Code   RO         6863    .text               mc_w.l(memcpya.o)
    0x0800030a   0x0800030a   0x00000024   Code   RO         6867    .text               mc_w.l(memseta.o)
    0x0800032e   0x0800032e   0x0000014e   Code   RO         7132    .text               mf_w.l(dadd.o)
    0x0800047c   0x0800047c   0x000000e4   Code   RO         7134    .text               mf_w.l(dmul.o)
    0x08000560   0x08000560   0x000000de   Code   RO         7136    .text               mf_w.l(ddiv.o)
    0x0800063e   0x0800063e   0x00000022   Code   RO         7138    .text               mf_w.l(dflti.o)
    0x08000660   0x08000660   0x0000001a   Code   RO         7140    .text               mf_w.l(dfltui.o)
    0x0800067a   0x0800067a   0x00000026   Code   RO         7144    .text               mf_w.l(f2d.o)
    0x080006a0   0x080006a0   0x00000038   Code   RO         7148    .text               mf_w.l(d2f.o)
    0x080006d8   0x080006d8   0x0000001e   Code   RO         7208    .text               mc_w.l(llshl.o)
    0x080006f6   0x080006f6   0x00000020   Code   RO         7210    .text               mc_w.l(llushr.o)
    0x08000716   0x08000716   0x00000024   Code   RO         7212    .text               mc_w.l(llsshr.o)
    0x0800073a   0x0800073a   0x00000000   Code   RO         7221    .text               mc_w.l(iusefp.o)
    0x0800073a   0x0800073a   0x0000006e   Code   RO         7222    .text               mf_w.l(fepilogue.o)
    0x080007a8   0x080007a8   0x000000ba   Code   RO         7224    .text               mf_w.l(depilogue.o)
    0x08000862   0x08000862   0x000000a2   Code   RO         7230    .text               mf_w.l(dsqrt.o)
    0x08000904   0x08000904   0x00000024   Code   RO         7236    .text               mc_w.l(init.o)
    0x08000928   0x08000928   0x0000003e   Code   RO         7238    .text               mf_w.l(dfixi.o)
    0x08000966   0x08000966   0x00000002   Code   RO          650    i.BusFault_Handler  stm32f4xx_it.o
    0x08000968   0x08000968   0x0000000c   Code   RO          651    i.CAN1_RX0_IRQHandler  stm32f4xx_it.o
    0x08000974   0x08000974   0x0000000c   Code   RO          652    i.CAN1_RX1_IRQHandler  stm32f4xx_it.o
    0x08000980   0x08000980   0x0000000c   Code   RO          653    i.CAN1_SCE_IRQHandler  stm32f4xx_it.o
    0x0800098c   0x0800098c   0x0000000c   Code   RO          654    i.CAN1_TX_IRQHandler  stm32f4xx_it.o
    0x08000998   0x08000998   0x0000000c   Code   RO          655    i.CAN2_RX0_IRQHandler  stm32f4xx_it.o
    0x080009a4   0x080009a4   0x0000000c   Code   RO          656    i.CAN2_RX1_IRQHandler  stm32f4xx_it.o
    0x080009b0   0x080009b0   0x0000000c   Code   RO          657    i.CAN2_SCE_IRQHandler  stm32f4xx_it.o
    0x080009bc   0x080009bc   0x0000000c   Code   RO          658    i.CAN2_TX_IRQHandler  stm32f4xx_it.o
    0x080009c8   0x080009c8   0x00000044   Code   RO         6398    i.Chassis_Controller  body_controllers.o
    0x08000a0c   0x08000a0c   0x0000000c   Code   RO          659    i.DMA2_Stream2_IRQHandler  stm32f4xx_it.o
    0x08000a18   0x08000a18   0x0000000c   Code   RO          660    i.DMA2_Stream7_IRQHandler  stm32f4xx_it.o
    0x08000a24   0x08000a24   0x00000028   Code   RO         1560    i.DMA_CalcBaseAndBitshift  stm32f4xx_hal_dma.o
    0x08000a4c   0x08000a4c   0x00000054   Code   RO         1561    i.DMA_CheckFifoParam  stm32f4xx_hal_dma.o
    0x08000aa0   0x08000aa0   0x00000028   Code   RO         1562    i.DMA_SetConfig     stm32f4xx_hal_dma.o
    0x08000ac8   0x08000ac8   0x00000002   Code   RO          661    i.DebugMon_Handler  stm32f4xx_it.o
    0x08000aca   0x08000aca   0x00000006   Code   RO          662    i.EXTI9_5_IRQHandler  stm32f4xx_it.o
    0x08000ad0   0x08000ad0   0x00000004   Code   RO           13    i.Error_Handler     main.o
    0x08000ad4   0x08000ad4   0x00000024   Code   RO          868    i.HAL_CAN_ActivateNotification  stm32f4xx_hal_can.o
    0x08000af8   0x08000af8   0x000000dc   Code   RO          869    i.HAL_CAN_AddTxMessage  stm32f4xx_hal_can.o
    0x08000bd4   0x08000bd4   0x0000010c   Code   RO          870    i.HAL_CAN_ConfigFilter  stm32f4xx_hal_can.o
    0x08000ce0   0x08000ce0   0x00000002   Code   RO          873    i.HAL_CAN_ErrorCallback  stm32f4xx_hal_can.o
    0x08000ce2   0x08000ce2   0x000000e8   Code   RO          876    i.HAL_CAN_GetRxMessage  stm32f4xx_hal_can.o
    0x08000dca   0x08000dca   0x0000002c   Code   RO          878    i.HAL_CAN_GetTxMailboxesFreeLevel  stm32f4xx_hal_can.o
    0x08000df6   0x08000df6   0x000001fc   Code   RO          880    i.HAL_CAN_IRQHandler  stm32f4xx_hal_can.o
    0x08000ff2   0x08000ff2   0x0000011a   Code   RO          881    i.HAL_CAN_Init      stm32f4xx_hal_can.o
    0x0800110c   0x0800110c   0x0000015c   Code   RO          392    i.HAL_CAN_MspInit   can.o
    0x08001268   0x08001268   0x00000002   Code   RO          888    i.HAL_CAN_RxFifo0FullCallback  stm32f4xx_hal_can.o
    0x0800126a   0x0800126a   0x00000002   PAD
    0x0800126c   0x0800126c   0x0000007c   Code   RO         6097    i.HAL_CAN_RxFifo0MsgPendingCallback  user_can_init.o
    0x080012e8   0x080012e8   0x00000002   Code   RO          890    i.HAL_CAN_RxFifo1FullCallback  stm32f4xx_hal_can.o
    0x080012ea   0x080012ea   0x00000002   Code   RO          891    i.HAL_CAN_RxFifo1MsgPendingCallback  stm32f4xx_hal_can.o
    0x080012ec   0x080012ec   0x00000002   Code   RO          892    i.HAL_CAN_SleepCallback  stm32f4xx_hal_can.o
    0x080012ee   0x080012ee   0x00000056   Code   RO          893    i.HAL_CAN_Start     stm32f4xx_hal_can.o
    0x08001344   0x08001344   0x00000002   Code   RO          895    i.HAL_CAN_TxMailbox0AbortCallback  stm32f4xx_hal_can.o
    0x08001346   0x08001346   0x00000002   Code   RO          896    i.HAL_CAN_TxMailbox0CompleteCallback  stm32f4xx_hal_can.o
    0x08001348   0x08001348   0x00000002   Code   RO          897    i.HAL_CAN_TxMailbox1AbortCallback  stm32f4xx_hal_can.o
    0x0800134a   0x0800134a   0x00000002   Code   RO          898    i.HAL_CAN_TxMailbox1CompleteCallback  stm32f4xx_hal_can.o
    0x0800134c   0x0800134c   0x00000002   Code   RO          899    i.HAL_CAN_TxMailbox2AbortCallback  stm32f4xx_hal_can.o
    0x0800134e   0x0800134e   0x00000002   Code   RO          900    i.HAL_CAN_TxMailbox2CompleteCallback  stm32f4xx_hal_can.o
    0x08001350   0x08001350   0x00000002   Code   RO          902    i.HAL_CAN_WakeUpFromRxMsgCallback  stm32f4xx_hal_can.o
    0x08001352   0x08001352   0x00000092   Code   RO         1563    i.HAL_DMA_Abort     stm32f4xx_hal_dma.o
    0x080013e4   0x080013e4   0x00000024   Code   RO         1564    i.HAL_DMA_Abort_IT  stm32f4xx_hal_dma.o
    0x08001408   0x08001408   0x00000062   Code   RO         1565    i.HAL_DMA_DeInit    stm32f4xx_hal_dma.o
    0x0800146a   0x0800146a   0x00000002   PAD
    0x0800146c   0x0800146c   0x000001a0   Code   RO         1568    i.HAL_DMA_IRQHandler  stm32f4xx_hal_dma.o
    0x0800160c   0x0800160c   0x000000d4   Code   RO         1569    i.HAL_DMA_Init      stm32f4xx_hal_dma.o
    0x080016e0   0x080016e0   0x0000006e   Code   RO         1573    i.HAL_DMA_Start_IT  stm32f4xx_hal_dma.o
    0x0800174e   0x0800174e   0x00000002   PAD
    0x08001750   0x08001750   0x00000024   Code   RO         1982    i.HAL_Delay         stm32f4xx_hal.o
    0x08001774   0x08001774   0x00000120   Code   RO         1453    i.HAL_GPIO_DeInit   stm32f4xx_hal_gpio.o
    0x08001894   0x08001894   0x00000088   Code   RO         6615    i.HAL_GPIO_EXTI_Callback  air_joy.o
    0x0800191c   0x0800191c   0x00000018   Code   RO         1455    i.HAL_GPIO_EXTI_IRQHandler  stm32f4xx_hal_gpio.o
    0x08001934   0x08001934   0x000001d0   Code   RO         1456    i.HAL_GPIO_Init     stm32f4xx_hal_gpio.o
    0x08001b04   0x08001b04   0x0000000a   Code   RO         1460    i.HAL_GPIO_WritePin  stm32f4xx_hal_gpio.o
    0x08001b0e   0x08001b0e   0x00000002   PAD
    0x08001b10   0x08001b10   0x0000000c   Code   RO         1988    i.HAL_GetTick       stm32f4xx_hal.o
    0x08001b1c   0x08001b1c   0x00000188   Code   RO         2244    i.HAL_I2C_Init      stm32f4xx_hal_i2c.o
    0x08001ca4   0x08001ca4   0x000000a8   Code   RO          465    i.HAL_I2C_MspInit   i2c.o
    0x08001d4c   0x08001d4c   0x00000010   Code   RO         1994    i.HAL_IncTick       stm32f4xx_hal.o
    0x08001d5c   0x08001d5c   0x00000034   Code   RO         1995    i.HAL_Init          stm32f4xx_hal.o
    0x08001d90   0x08001d90   0x00000098   Code   RO          828    i.HAL_InitTick      stm32f4xx_hal_timebase_tim.o
    0x08001e28   0x08001e28   0x00000038   Code   RO          804    i.HAL_MspInit       stm32f4xx_hal_msp.o
    0x08001e60   0x08001e60   0x00000022   Code   RO         1844    i.HAL_NVIC_DisableIRQ  stm32f4xx_hal_cortex.o
    0x08001e82   0x08001e82   0x0000001a   Code   RO         1845    i.HAL_NVIC_EnableIRQ  stm32f4xx_hal_cortex.o
    0x08001e9c   0x08001e9c   0x00000040   Code   RO         1851    i.HAL_NVIC_SetPriority  stm32f4xx_hal_cortex.o
    0x08001edc   0x08001edc   0x00000024   Code   RO         1852    i.HAL_NVIC_SetPriorityGrouping  stm32f4xx_hal_cortex.o
    0x08001f00   0x08001f00   0x00000134   Code   RO         1102    i.HAL_RCC_ClockConfig  stm32f4xx_hal_rcc.o
    0x08002034   0x08002034   0x00000040   Code   RO         1106    i.HAL_RCC_GetClockConfig  stm32f4xx_hal_rcc.o
    0x08002074   0x08002074   0x00000020   Code   RO         1109    i.HAL_RCC_GetPCLK1Freq  stm32f4xx_hal_rcc.o
    0x08002094   0x08002094   0x00000020   Code   RO         1110    i.HAL_RCC_GetPCLK2Freq  stm32f4xx_hal_rcc.o
    0x080020b4   0x080020b4   0x00000060   Code   RO         1111    i.HAL_RCC_GetSysClockFreq  stm32f4xx_hal_rcc.o
    0x08002114   0x08002114   0x00000358   Code   RO         1114    i.HAL_RCC_OscConfig  stm32f4xx_hal_rcc.o
    0x0800246c   0x0800246c   0x00000002   Code   RO         3389    i.HAL_TIMEx_BreakCallback  stm32f4xx_hal_tim_ex.o
    0x0800246e   0x0800246e   0x00000002   Code   RO         3390    i.HAL_TIMEx_CommutCallback  stm32f4xx_hal_tim_ex.o
    0x08002470   0x08002470   0x00000090   Code   RO         3408    i.HAL_TIMEx_MasterConfigSynchronization  stm32f4xx_hal_tim_ex.o
    0x08002500   0x08002500   0x0000005a   Code   RO         2685    i.HAL_TIM_Base_Init  stm32f4xx_hal_tim.o
    0x0800255a   0x0800255a   0x00000002   PAD
    0x0800255c   0x0800255c   0x000000a0   Code   RO          513    i.HAL_TIM_Base_MspInit  tim.o
    0x080025fc   0x080025fc   0x00000080   Code   RO         2690    i.HAL_TIM_Base_Start_IT  stm32f4xx_hal_tim.o
    0x0800267c   0x0800267c   0x000000dc   Code   RO         2694    i.HAL_TIM_ConfigClockSource  stm32f4xx_hal_tim.o
    0x08002758   0x08002758   0x00000002   Code   RO         2719    i.HAL_TIM_IC_CaptureCallback  stm32f4xx_hal_tim.o
    0x0800275a   0x0800275a   0x00000166   Code   RO         2733    i.HAL_TIM_IRQHandler  stm32f4xx_hal_tim.o
    0x080028c0   0x080028c0   0x000000bc   Code   RO          514    i.HAL_TIM_MspPostInit  tim.o
    0x0800297c   0x0800297c   0x00000002   Code   RO         2736    i.HAL_TIM_OC_DelayElapsedCallback  stm32f4xx_hal_tim.o
    0x0800297e   0x0800297e   0x000000cc   Code   RO         2757    i.HAL_TIM_PWM_ConfigChannel  stm32f4xx_hal_tim.o
    0x08002a4a   0x08002a4a   0x0000005a   Code   RO         2760    i.HAL_TIM_PWM_Init  stm32f4xx_hal_tim.o
    0x08002aa4   0x08002aa4   0x00000002   Code   RO         2762    i.HAL_TIM_PWM_MspInit  stm32f4xx_hal_tim.o
    0x08002aa6   0x08002aa6   0x00000002   Code   RO         2763    i.HAL_TIM_PWM_PulseFinishedCallback  stm32f4xx_hal_tim.o
    0x08002aa8   0x08002aa8   0x000000d0   Code   RO         2765    i.HAL_TIM_PWM_Start  stm32f4xx_hal_tim.o
    0x08002b78   0x08002b78   0x0000008c   Code   RO           14    i.HAL_TIM_PeriodElapsedCallback  main.o
    0x08002c04   0x08002c04   0x00000002   Code   RO         2776    i.HAL_TIM_TriggerCallback  stm32f4xx_hal_tim.o
    0x08002c06   0x08002c06   0x00000002   Code   RO         3667    i.HAL_UARTEx_RxEventCallback  stm32f4xx_hal_uart.o
    0x08002c08   0x08002c08   0x00000002   Code   RO         3681    i.HAL_UART_ErrorCallback  stm32f4xx_hal_uart.o
    0x08002c0a   0x08002c0a   0x00000002   PAD
    0x08002c0c   0x08002c0c   0x00000268   Code   RO         3684    i.HAL_UART_IRQHandler  stm32f4xx_hal_uart.o
    0x08002e74   0x08002e74   0x00000062   Code   RO         3685    i.HAL_UART_Init     stm32f4xx_hal_uart.o
    0x08002ed6   0x08002ed6   0x00000002   PAD
    0x08002ed8   0x08002ed8   0x00000098   Code   RO          584    i.HAL_UART_MspDeInit  usart.o
    0x08002f70   0x08002f70   0x000001d0   Code   RO          585    i.HAL_UART_MspInit  usart.o
    0x08003140   0x08003140   0x0000002a   Code   RO         3689    i.HAL_UART_Receive_DMA  stm32f4xx_hal_uart.o
    0x0800316a   0x0800316a   0x0000002a   Code   RO         3690    i.HAL_UART_Receive_IT  stm32f4xx_hal_uart.o
    0x08003194   0x08003194   0x0000008c   Code   RO         5844    i.HAL_UART_RxCpltCallback  communication.o
    0x08003220   0x08003220   0x00000002   Code   RO         3692    i.HAL_UART_RxHalfCpltCallback  stm32f4xx_hal_uart.o
    0x08003222   0x08003222   0x00000002   Code   RO         3696    i.HAL_UART_TxCpltCallback  stm32f4xx_hal_uart.o
    0x08003224   0x08003224   0x00000048   Code   RO         6364    i.HaoYing_U8_Init   haoying_u8.o
    0x0800326c   0x0800326c   0x00000002   Code   RO          663    i.HardFault_Handler  stm32f4xx_it.o
    0x0800326e   0x0800326e   0x00000002   PAD
    0x08003270   0x08003270   0x00000054   Code   RO         5940    i.Homeing_Mode      motor_drive.o
    0x080032c4   0x080032c4   0x000000c4   Code   RO         6136    i.M3508_Send_Currents  rm_motor.o
    0x08003388   0x08003388   0x00000048   Code   RO          393    i.MX_CAN1_Init      can.o
    0x080033d0   0x080033d0   0x00000048   Code   RO          394    i.MX_CAN2_Init      can.o
    0x08003418   0x08003418   0x0000003c   Code   RO          440    i.MX_DMA_Init       dma.o
    0x08003454   0x08003454   0x00000090   Code   RO          311    i.MX_FREERTOS_Init  freertos.o
    0x080034e4   0x080034e4   0x00000100   Code   RO          287    i.MX_GPIO_Init      gpio.o
    0x080035e4   0x080035e4   0x00000040   Code   RO          466    i.MX_I2C1_Init      i2c.o
    0x08003624   0x08003624   0x00000040   Code   RO          467    i.MX_I2C2_Init      i2c.o
    0x08003664   0x08003664   0x00000068   Code   RO          515    i.MX_TIM10_Init     tim.o
    0x080036cc   0x080036cc   0x00000068   Code   RO          516    i.MX_TIM13_Init     tim.o
    0x08003734   0x08003734   0x00000068   Code   RO          517    i.MX_TIM14_Init     tim.o
    0x0800379c   0x0800379c   0x00000068   Code   RO          518    i.MX_TIM2_Init      tim.o
    0x08003804   0x08003804   0x00000084   Code   RO          519    i.MX_TIM9_Init      tim.o
    0x08003888   0x08003888   0x00000038   Code   RO          586    i.MX_UART4_Init     usart.o
    0x080038c0   0x080038c0   0x00000038   Code   RO          587    i.MX_UART5_Init     usart.o
    0x080038f8   0x080038f8   0x00000038   Code   RO          588    i.MX_USART1_UART_Init  usart.o
    0x08003930   0x08003930   0x00000022   Code   RO         5941    i.Max_Value_Limit   motor_drive.o
    0x08003952   0x08003952   0x00000002   Code   RO          664    i.MemManage_Handler  stm32f4xx_it.o
    0x08003954   0x08003954   0x00000284   Code   RO         5942    i.Motor_Control     motor_drive.o
    0x08003bd8   0x08003bd8   0x0000000c   Code   RO          312    i.Motor_Control_Function  freertos.o
    0x08003be4   0x08003be4   0x0000002c   Code   RO         5901    i.Motor_Type_Init   config.o
    0x08003c10   0x08003c10   0x000000a8   Code   RO         6704    i.Move_Init         move.o
    0x08003cb8   0x08003cb8   0x00000002   Code   RO          665    i.NMI_Handler       stm32f4xx_it.o
    0x08003cba   0x08003cba   0x00000022   Code   RO         6043    i.PID_Abs_Limit     pid.o
    0x08003cdc   0x08003cdc   0x000000b8   Code   RO         6044    i.PID_Incremental_PID_Calculation  pid.o
    0x08003d94   0x08003d94   0x0000003c   Code   RO         6046    i.PID_Parameter_Init  pid.o
    0x08003dd0   0x08003dd0   0x000000b8   Code   RO         6047    i.PID_Position_Calculate  pid.o
    0x08003e88   0x08003e88   0x00000250   Code   RO         5902    i.Pid_Init_All      config.o
    0x080040d8   0x080040d8   0x00000104   Code   RO         6137    i.RM_MOTOR_Angle_Integral  rm_motor.o
    0x080041dc   0x080041dc   0x00000028   Code   RO          313    i.ROS_32_Serial_Function  freertos.o
    0x08004204   0x08004204   0x0000002c   Code   RO         6399    i.ROS_Control       body_controllers.o
    0x08004230   0x08004230   0x00000160   Code   RO         5809    i.Robot_Wheels_RPM_calculate  chassis.o
    0x08004390   0x08004390   0x00000180   Code   RO         5845    i.STM32_READ_FROM_ROS_FLOAT  communication.o
    0x08004510   0x08004510   0x00000012   Code   RO         5945    i.Speed_Control     motor_drive.o
    0x08004522   0x08004522   0x00000008   Code   RO          314    i.StartDefaultTask  freertos.o
    0x0800452a   0x0800452a   0x0000001a   Code   RO         5161    i.SysTick_Handler   cmsis_os2.o
    0x08004544   0x08004544   0x00000094   Code   RO           15    i.SystemClock_Config  main.o
    0x080045d8   0x080045d8   0x00000010   Code   RO         4014    i.SystemInit        system_stm32f4xx.o
    0x080045e8   0x080045e8   0x0000000c   Code   RO          666    i.TIM2_IRQHandler   stm32f4xx_it.o
    0x080045f4   0x080045f4   0x0000000c   Code   RO          667    i.TIM3_IRQHandler   stm32f4xx_it.o
    0x08004600   0x08004600   0x000000c8   Code   RO         2778    i.TIM_Base_SetConfig  stm32f4xx_hal_tim.o
    0x080046c8   0x080046c8   0x0000001a   Code   RO         2779    i.TIM_CCxChannelCmd  stm32f4xx_hal_tim.o
    0x080046e2   0x080046e2   0x00000014   Code   RO         2789    i.TIM_ETR_SetConfig  stm32f4xx_hal_tim.o
    0x080046f6   0x080046f6   0x00000010   Code   RO         2790    i.TIM_ITRx_SetConfig  stm32f4xx_hal_tim.o
    0x08004706   0x08004706   0x00000002   PAD
    0x08004708   0x08004708   0x00000060   Code   RO         2791    i.TIM_OC1_SetConfig  stm32f4xx_hal_tim.o
    0x08004768   0x08004768   0x0000006c   Code   RO         2792    i.TIM_OC2_SetConfig  stm32f4xx_hal_tim.o
    0x080047d4   0x080047d4   0x00000068   Code   RO         2793    i.TIM_OC3_SetConfig  stm32f4xx_hal_tim.o
    0x0800483c   0x0800483c   0x00000050   Code   RO         2794    i.TIM_OC4_SetConfig  stm32f4xx_hal_tim.o
    0x0800488c   0x0800488c   0x00000022   Code   RO         2796    i.TIM_TI1_ConfigInputStage  stm32f4xx_hal_tim.o
    0x080048ae   0x080048ae   0x00000024   Code   RO         2798    i.TIM_TI2_ConfigInputStage  stm32f4xx_hal_tim.o
    0x080048d2   0x080048d2   0x00000002   PAD
    0x080048d4   0x080048d4   0x0000004c   Code   RO         6400    i.TakeBall_Controller  body_controllers.o
    0x08004920   0x08004920   0x00000040   Code   RO          315    i.U8_and_VESC_Function  freertos.o
    0x08004960   0x08004960   0x0000000c   Code   RO          668    i.UART4_IRQHandler  stm32f4xx_it.o
    0x0800496c   0x0800496c   0x0000000c   Code   RO          669    i.UART5_IRQHandler  stm32f4xx_it.o
    0x08004978   0x08004978   0x00000010   Code   RO         3698    i.UART_DMAAbortOnError  stm32f4xx_hal_uart.o
    0x08004988   0x08004988   0x0000004a   Code   RO         3699    i.UART_DMAError     stm32f4xx_hal_uart.o
    0x080049d2   0x080049d2   0x00000082   Code   RO         3700    i.UART_DMAReceiveCplt  stm32f4xx_hal_uart.o
    0x08004a54   0x08004a54   0x0000001a   Code   RO         3702    i.UART_DMARxHalfCplt  stm32f4xx_hal_uart.o
    0x08004a6e   0x08004a6e   0x0000004e   Code   RO         3708    i.UART_EndRxTransfer  stm32f4xx_hal_uart.o
    0x08004abc   0x08004abc   0x0000001c   Code   RO         3709    i.UART_EndTxTransfer  stm32f4xx_hal_uart.o
    0x08004ad8   0x08004ad8   0x000000c0   Code   RO         3710    i.UART_Receive_IT   stm32f4xx_hal_uart.o
    0x08004b98   0x08004b98   0x0000010c   Code   RO         3711    i.UART_SetConfig    stm32f4xx_hal_uart.o
    0x08004ca4   0x08004ca4   0x00000098   Code   RO         3712    i.UART_Start_Receive_DMA  stm32f4xx_hal_uart.o
    0x08004d3c   0x08004d3c   0x0000003a   Code   RO         3713    i.UART_Start_Receive_IT  stm32f4xx_hal_uart.o
    0x08004d76   0x08004d76   0x00000002   PAD
    0x08004d78   0x08004d78   0x0000000c   Code   RO          670    i.USART1_IRQHandler  stm32f4xx_it.o
    0x08004d84   0x08004d84   0x00000028   Code   RO         5846    i.USART_Send_String  communication.o
    0x08004dac   0x08004dac   0x00000094   Code   RO         6465    i.Update_Action_gl_position  action.o
    0x08004e40   0x08004e40   0x00000002   Code   RO          671    i.UsageFault_Handler  stm32f4xx_it.o
    0x08004e42   0x08004e42   0x00000002   PAD
    0x08004e44   0x08004e44   0x00000068   Code   RO         5847    i.Usart_Send_Data   communication.o
    0x08004eac   0x08004eac   0x00000060   Code   RO         6098    i.User_Open_Can1    user_can_init.o
    0x08004f0c   0x08004f0c   0x00000060   Code   RO         6099    i.User_Open_Can2    user_can_init.o
    0x08004f6c   0x08004f6c   0x00000048   Code   RO         5946    i.VESC_Control      motor_drive.o
    0x08004fb4   0x08004fb4   0x0000003c   Code   RO         5903    i.VESC_Init         config.o
    0x08004ff0   0x08004ff0   0x000001f8   Code   RO         5948    i.Velocity_Planning_MODE  motor_drive.o
    0x080051e8   0x080051e8   0x00000030   Code   RO         7173    i.__ARM_fpclassify  m_wm.l(fpclassify.o)
    0x08005218   0x08005218   0x00000020   Code   RO         1858    i.__NVIC_SetPriority  stm32f4xx_hal_cortex.o
    0x08005238   0x08005238   0x000000c8   Code   RO         6808    i.__hardfp_cos      m_wm.l(cos.o)
    0x08005300   0x08005300   0x000000c8   Code   RO         6834    i.__hardfp_sin      m_wm.l(sin.o)
    0x080053c8   0x080053c8   0x0000007a   Code   RO         6846    i.__hardfp_sqrt     m_wm.l(sqrt.o)
    0x08005442   0x08005442   0x00000006   PAD
    0x08005448   0x08005448   0x00000438   Code   RO         7178    i.__ieee754_rem_pio2  m_wm.l(rred.o)
    0x08005880   0x08005880   0x00000170   Code   RO         7150    i.__kernel_cos      m_wm.l(cos_i.o)
    0x080059f0   0x080059f0   0x000000f8   Code   RO         7175    i.__kernel_poly     m_wm.l(poly.o)
    0x08005ae8   0x08005ae8   0x00000130   Code   RO         7183    i.__kernel_sin      m_wm.l(sin_i.o)
    0x08005c18   0x08005c18   0x00000014   Code   RO         7154    i.__mathlib_dbl_infnan  m_wm.l(dunder.o)
    0x08005c2c   0x08005c2c   0x00000004   PAD
    0x08005c30   0x08005c30   0x00000020   Code   RO         7156    i.__mathlib_dbl_invalid  m_wm.l(dunder.o)
    0x08005c50   0x08005c50   0x00000020   Code   RO         7159    i.__mathlib_dbl_underflow  m_wm.l(dunder.o)
    0x08005c70   0x08005c70   0x0000000e   Code   RO         7242    i.__scatterload_copy  mc_w.l(handlers.o)
    0x08005c7e   0x08005c7e   0x00000002   Code   RO         7243    i.__scatterload_null  mc_w.l(handlers.o)
    0x08005c80   0x08005c80   0x0000000e   Code   RO         7244    i.__scatterload_zeroinit  mc_w.l(handlers.o)
    0x08005c8e   0x08005c8e   0x00000002   PAD
    0x08005c90   0x08005c90   0x0000000c   Code   RO         7216    i.__set_errno       mc_w.l(errno.o)
    0x08005c9c   0x08005c9c   0x0000007c   Code   RO         6466    i.action_data_analyse  action.o
    0x08005d18   0x08005d18   0x0000002a   Code   RO         6183    i.buffer_append_int32  vesc_can.o
    0x08005d42   0x08005d42   0x00000010   Code   RO         6188    i.buffer_get_int16  vesc_can.o
    0x08005d52   0x08005d52   0x00000020   Code   RO         6189    i.buffer_get_int32  vesc_can.o
    0x08005d72   0x08005d72   0x00000020   Code   RO         6191    i.buffer_get_uint32  vesc_can.o
    0x08005d92   0x08005d92   0x00000002   PAD
    0x08005d94   0x08005d94   0x000000e8   Code   RO         6192    i.can_get_data      vesc_can.o
    0x08005e7c   0x08005e7c   0x0000000c   Code   RO          316    i.chassis_control_f  freertos.o
    0x08005e88   0x08005e88   0x00000034   Code   RO         6195    i.comm_can_set_current  vesc_can.o
    0x08005ebc   0x08005ebc   0x00000034   Code   RO         6199    i.comm_can_set_duty  vesc_can.o
    0x08005ef0   0x08005ef0   0x00000034   Code   RO         6202    i.comm_can_set_pos  vesc_can.o
    0x08005f24   0x08005f24   0x00000028   Code   RO         6203    i.comm_can_set_rpm  vesc_can.o
    0x08005f4c   0x08005f4c   0x00000044   Code   RO         6204    i.comm_can_transmit_eid  vesc_can.o
    0x08005f90   0x08005f90   0x0000000c   Code   RO          317    i.debug_safe_printf  freertos.o
    0x08005f9c   0x08005f9c   0x00000018   Code   RO         7169    i.fabs              m_wm.l(fabs.o)
    0x08005fb4   0x08005fb4   0x000000e4   Code   RO         6138    i.get_motor_measure  rm_motor.o
    0x08006098   0x08006098   0x00000094   Code   RO           16    i.main              main.o
    0x0800612c   0x0800612c   0x0000001a   Code   RO         5163    i.osDelay           cmsis_os2.o
    0x08006146   0x08006146   0x00000002   PAD
    0x08006148   0x08006148   0x00000024   Code   RO         5177    i.osKernelInitialize  cmsis_os2.o
    0x0800616c   0x0800616c   0x00000038   Code   RO         5180    i.osKernelStart     cmsis_os2.o
    0x080061a4   0x080061a4   0x00000058   Code   RO         5197    i.osMessageQueueNew  cmsis_os2.o
    0x080061fc   0x080061fc   0x00000068   Code   RO         5203    i.osMutexNew        cmsis_os2.o
    0x08006264   0x08006264   0x00000088   Code   RO         5222    i.osThreadNew       cmsis_os2.o
    0x080062ec   0x080062ec   0x0000005c   Code   RO         4622    i.prvAddCurrentTaskToDelayedList  tasks.o
    0x08006348   0x08006348   0x000000d0   Code   RO         4623    i.prvAddNewTaskToReadyList  tasks.o
    0x08006418   0x08006418   0x00000058   Code   RO         4987    i.prvCheckForValidListAndQueue  timers.o
    0x08006470   0x08006470   0x00000026   Code   RO         4219    i.prvCopyDataFromQueue  queue.o
    0x08006496   0x08006496   0x0000006c   Code   RO         4220    i.prvCopyDataToQueue  queue.o
    0x08006502   0x08006502   0x00000034   Code   RO         4624    i.prvDeleteTCB      tasks.o
    0x08006536   0x08006536   0x00000002   PAD
    0x08006538   0x08006538   0x0000004c   Code   RO         5674    i.prvHeapInit       heap_4.o
    0x08006584   0x08006584   0x0000005c   Code   RO         4625    i.prvIdleTask       tasks.o
    0x080065e0   0x080065e0   0x00000016   Code   RO         4221    i.prvInitialiseMutex  queue.o
    0x080065f6   0x080065f6   0x00000020   Code   RO         4222    i.prvInitialiseNewQueue  queue.o
    0x08006616   0x08006616   0x000000aa   Code   RO         4626    i.prvInitialiseNewTask  tasks.o
    0x080066c0   0x080066c0   0x0000004c   Code   RO         5675    i.prvInsertBlockIntoFreeList  heap_4.o
    0x0800670c   0x0800670c   0x00000038   Code   RO         4989    i.prvInsertTimerInActiveList  timers.o
    0x08006744   0x08006744   0x0000001a   Code   RO         4223    i.prvIsQueueEmpty   queue.o
    0x0800675e   0x0800675e   0x00000002   PAD
    0x08006760   0x08006760   0x000000fc   Code   RO         4990    i.prvProcessReceivedCommands  timers.o
    0x0800685c   0x0800685c   0x000000c0   Code   RO         4991    i.prvProcessTimerOrBlockTask  timers.o
    0x0800691c   0x0800691c   0x00000020   Code   RO         4628    i.prvResetNextTaskUnblockTime  tasks.o
    0x0800693c   0x0800693c   0x00000028   Code   RO         4992    i.prvSampleTimeNow  timers.o
    0x08006964   0x08006964   0x0000006c   Code   RO         4993    i.prvSwitchTimerLists  timers.o
    0x080069d0   0x080069d0   0x00000028   Code   RO         5730    i.prvTaskExitError  port.o
    0x080069f8   0x080069f8   0x00000028   Code   RO         4994    i.prvTimerTask      timers.o
    0x08006a20   0x08006a20   0x0000006a   Code   RO         4224    i.prvUnlockQueue    queue.o
    0x08006a8a   0x08006a8a   0x00000002   PAD
    0x08006a8c   0x08006a8c   0x000000dc   Code   RO         5676    i.pvPortMalloc      heap_4.o
    0x08006b68   0x08006b68   0x0000002c   Code   RO         5731    i.pxPortInitialiseStack  port.o
    0x08006b94   0x08006b94   0x0000002e   Code   RO         5848    i.serial_get_crc8_value  communication.o
    0x08006bc2   0x08006bc2   0x00000002   PAD
    0x08006bc4   0x08006bc4   0x0000004c   Code   RO         6365    i.u8_speed_set      haoying_u8.o
    0x08006c10   0x08006c10   0x0000000c   Code   RO          318    i.upper_control_f   freertos.o
    0x08006c1c   0x08006c1c   0x00000026   Code   RO         4179    i.uxListRemove      list.o
    0x08006c42   0x08006c42   0x00000002   PAD
    0x08006c44   0x08006c44   0x00000014   Code   RO         5234    i.vApplicationGetIdleTaskMemory  cmsis_os2.o
    0x08006c58   0x08006c58   0x00000018   Code   RO         5235    i.vApplicationGetTimerTaskMemory  cmsis_os2.o
    0x08006c70   0x08006c70   0x00000016   Code   RO         4180    i.vListInitialise   list.o
    0x08006c86   0x08006c86   0x00000006   Code   RO         4181    i.vListInitialiseItem  list.o
    0x08006c8c   0x08006c8c   0x00000030   Code   RO         4182    i.vListInsert       list.o
    0x08006cbc   0x08006cbc   0x00000018   Code   RO         4183    i.vListInsertEnd    list.o
    0x08006cd4   0x08006cd4   0x00000040   Code   RO         5733    i.vPortEnterCritical  port.o
    0x08006d14   0x08006d14   0x00000028   Code   RO         5734    i.vPortExitCritical  port.o
    0x08006d3c   0x08006d3c   0x00000064   Code   RO         5677    i.vPortFree         heap_4.o
    0x08006da0   0x08006da0   0x00000024   Code   RO         5735    i.vPortSetupTimerInterrupt  port.o
    0x08006dc4   0x08006dc4   0x00000054   Code   RO         5736    i.vPortValidateInterruptPriority  port.o
    0x08006e18   0x08006e18   0x00000024   Code   RO         4230    i.vQueueAddToRegistry  queue.o
    0x08006e3c   0x08006e3c   0x00000044   Code   RO         4234    i.vQueueWaitForMessageRestricted  queue.o
    0x08006e80   0x08006e80   0x0000004c   Code   RO         4641    i.vTaskDelay        tasks.o
    0x08006ecc   0x08006ecc   0x00000010   Code   RO         4646    i.vTaskInternalSetTimeOutState  tasks.o
    0x08006edc   0x08006edc   0x0000000c   Code   RO         4647    i.vTaskMissedYield  tasks.o
    0x08006ee8   0x08006ee8   0x00000030   Code   RO         4649    i.vTaskPlaceOnEventList  tasks.o
    0x08006f18   0x08006f18   0x00000038   Code   RO         4650    i.vTaskPlaceOnEventListRestricted  tasks.o
    0x08006f50   0x08006f50   0x00000084   Code   RO         4658    i.vTaskStartScheduler  tasks.o
    0x08006fd4   0x08006fd4   0x00000010   Code   RO         4660    i.vTaskSuspendAll   tasks.o
    0x08006fe4   0x08006fe4   0x00000064   Code   RO         4661    i.vTaskSwitchContext  tasks.o
    0x08007048   0x08007048   0x000000f4   Code   RO         5737    i.xPortStartScheduler  port.o
    0x0800713c   0x0800713c   0x0000002c   Code   RO         5738    i.xPortSysTickHandler  port.o
    0x08007168   0x08007168   0x00000016   Code   RO         4237    i.xQueueCreateMutex  queue.o
    0x0800717e   0x0800717e   0x0000001a   Code   RO         4238    i.xQueueCreateMutexStatic  queue.o
    0x08007198   0x08007198   0x00000042   Code   RO         4239    i.xQueueGenericCreate  queue.o
    0x080071da   0x080071da   0x00000066   Code   RO         4240    i.xQueueGenericCreateStatic  queue.o
    0x08007240   0x08007240   0x00000088   Code   RO         4241    i.xQueueGenericReset  queue.o
    0x080072c8   0x080072c8   0x00000164   Code   RO         4242    i.xQueueGenericSend  queue.o
    0x0800742c   0x0800742c   0x000000be   Code   RO         4243    i.xQueueGenericSendFromISR  queue.o
    0x080074ea   0x080074ea   0x00000002   PAD
    0x080074ec   0x080074ec   0x00000138   Code   RO         4252    i.xQueueReceive     queue.o
    0x08007624   0x08007624   0x00000074   Code   RO         4663    i.xTaskCheckForTimeOut  tasks.o
    0x08007698   0x08007698   0x0000005a   Code   RO         4664    i.xTaskCreate       tasks.o
    0x080076f2   0x080076f2   0x0000005a   Code   RO         4665    i.xTaskCreateStatic  tasks.o
    0x0800774c   0x0800774c   0x0000001c   Code   RO         4669    i.xTaskGetSchedulerState  tasks.o
    0x08007768   0x08007768   0x0000000c   Code   RO         4670    i.xTaskGetTickCount  tasks.o
    0x08007774   0x08007774   0x000000c8   Code   RO         4672    i.xTaskIncrementTick  tasks.o
    0x0800783c   0x0800783c   0x0000007c   Code   RO         4675    i.xTaskPriorityDisinherit  tasks.o
    0x080078b8   0x080078b8   0x00000070   Code   RO         4677    i.xTaskRemoveFromEventList  tasks.o
    0x08007928   0x08007928   0x000000c0   Code   RO         4678    i.xTaskResumeAll    tasks.o
    0x080079e8   0x080079e8   0x00000060   Code   RO         5003    i.xTimerCreateTimerTask  timers.o
    0x08007a48   0x08007a48   0x00000064   Code   RO         5004    i.xTimerGenericCommand  timers.o
    0x08007aac   0x08007aac   0x00000100   Data   RO          319    .constdata          freertos.o
    0x08007bac   0x08007bac   0x00000008   Data   RO         1575    .constdata          stm32f4xx_hal_dma.o
    0x08007bb4   0x08007bb4   0x00000010   Data   RO         4015    .constdata          system_stm32f4xx.o
    0x08007bc4   0x08007bc4   0x00000008   Data   RO         4016    .constdata          system_stm32f4xx.o
    0x08007bcc   0x08007bcc   0x00000002   Data   RO         5850    .constdata          communication.o
    0x08007bce   0x08007bce   0x00000002   PAD
    0x08007bd0   0x08007bd0   0x00000030   Data   RO         7151    .constdata          m_wm.l(cos_i.o)
    0x08007c00   0x08007c00   0x000000c8   Data   RO         7180    .constdata          m_wm.l(rred.o)
    0x08007cc8   0x08007cc8   0x00000028   Data   RO         7184    .constdata          m_wm.l(sin_i.o)
    0x08007cf0   0x08007cf0   0x00000070   Data   RO          320    .conststring        freertos.o
    0x08007d60   0x08007d60   0x00000020   Data   RO         7240    Region$$Table       anon$$obj.o


    Execution Region RW_IRAM2 (Exec base: 0x10000000, Load base: 0x08007e9c, Size: 0x00000000, Max: 0x00010000, ABSOLUTE)

    **** No section assigned to this execution region ****


    Execution Region RW_IRAM1 (Exec base: 0x20000000, Load base: 0x08007d80, Size: 0x00005dd8, Max: 0x00020000, ABSOLUTE)

    Exec Addr    Load Addr    Size         Type   Attr      Idx    E Section Name        Object

    0x20000000   0x08007d80   0x00000024   Data   RW          321    .data               freertos.o
    0x20000024   0x08007da4   0x00000004   Data   RW          396    .data               can.o
    0x20000028   0x08007da8   0x0000000c   Data   RW         2002    .data               stm32f4xx_hal.o
    0x20000034   0x08007db4   0x00000004   Data   RW         4017    .data               system_stm32f4xx.o
    0x20000038   0x08007db8   0x0000003c   Data   RW         4681    .data               tasks.o
    0x20000074   0x08007df4   0x00000014   Data   RW         5012    .data               timers.o
    0x20000088   0x08007e08   0x00000004   Data   RW         5237    .data               cmsis_os2.o
    0x2000008c   0x08007e0c   0x00000020   Data   RW         5683    .data               heap_4.o
    0x200000ac   0x08007e2c   0x0000000c   Data   RW         5739    .data               port.o
    0x200000b8   0x08007e38   0x0000001c   Data   RW         5853    .data               communication.o
    0x200000d4   0x08007e54   0x00000012   Data   RW         6100    .data               user_can_init.o
    0x200000e6   0x08007e66   0x00000002   PAD
    0x200000e8   0x08007e68   0x00000004   Data   RW         6139    .data               rm_motor.o
    0x200000ec   0x08007e6c   0x00000003   Data   RW         6474    .data               action.o
    0x200000ef   0x08007e6f   0x00000001   PAD
    0x200000f0   0x08007e70   0x00000008   Data   RW         6617    .data               air_joy.o
    0x200000f8   0x08007e78   0x00000002   Data   RW         6618    .data               air_joy.o
    0x200000fa   0x08007e7a   0x00000002   PAD
    0x200000fc   0x08007e7c   0x00000018   Data   RW         6619    .data               air_joy.o
    0x20000114   0x08007e94   0x00000004   Data   RW         6620    .data               air_joy.o
    0x20000118   0x08007e98   0x00000004   Data   RW         7217    .data               mc_w.l(errno.o)
    0x2000011c        -       0x00000050   Zero   RW          395    .bss                can.o
    0x2000016c        -       0x000000a8   Zero   RW          468    .bss                i2c.o
    0x20000214        -       0x00000168   Zero   RW          520    .bss                tim.o
    0x2000037c        -       0x0000018c   Zero   RW          591    .bss                usart.o
    0x20000508        -       0x00000048   Zero   RW          831    .bss                stm32f4xx_hal_timebase_tim.o
    0x20000550        -       0x00000040   Zero   RW         4256    .bss                queue.o
    0x20000590        -       0x000004c4   Zero   RW         4680    .bss                tasks.o
    0x20000a54        -       0x00000118   Zero   RW         5011    .bss                timers.o
    0x20000b6c        -       0x000006b8   Zero   RW         5236    .bss                cmsis_os2.o
    0x20001224        -       0x00003c00   Zero   RW         5682    .bss                heap_4.o
    0x20004e24        -       0x00000040   Zero   RW         5810    .bss                chassis.o
    0x20004e64        -       0x00000016   Zero   RW         5849    .bss                communication.o
    0x20004e7a   0x08007e9c   0x00000002   PAD
    0x20004e7c        -       0x000008e0   Zero   RW         5950    .bss                motor_drive.o
    0x2000575c        -       0x000000d8   Zero   RW         5951    .bss                motor_drive.o
    0x20005834        -       0x0000004c   Zero   RW         6404    .bss                body_controllers.o
    0x20005880        -       0x00000058   Zero   RW         6467    .bss                action.o
    0x200058d8        -       0x00000028   Zero   RW         6616    .bss                air_joy.o
    0x20005900        -       0x000000d8   Zero   RW         6709    .bss                move.o
    0x200059d8        -       0x00000400   Zero   RW            1    STACK               startup_stm32f407xx.o


==============================================================================

Image component sizes


      Code (inc. data)   RO Data    RW Data    ZI Data      Debug   Object Name

       272         28          0          3         88       2924   action.o
       136         10          0         38         40       1637   air_joy.o
       188         40          0          0         76       2935   body_controllers.o
       492         44          0          4         80       2606   can.o
       352         38          0          0         64       2017   chassis.o
       516         22          0          4       1720      67312   cmsis_os2.o
       714         96          2         28         22       5808   communication.o
       696         90          0          0          0       1601   config.o
        60          4          0          0          0        810   dma.o
         0          0          0          0          0      19508   event_groups.o
       304         52        368         36          0       5972   freertos.o
       256         16          0          0          0       1099   gpio.o
       148         26          0          0          0       1533   haoying_u8.o
       472         24          0         32      15360       5019   heap_4.o
       296         46          0          0        168       2414   i2c.o
       138          0          0          0          0       3618   list.o
       440         50          0          0          0     729669   main.o
      1356         52          0          0       2488       6017   motor_drive.o
       168         28          0          0        216       2255   move.o
       462         14          0          0          0       3108   pid.o
       786         80          0         12          0      11649   port.o
      1646         18          0          0         64      20644   queue.o
       684         44          0          4          0       2808   rm_motor.o
        36          8        392          0       1024        844   startup_stm32f407xx.o
       116         18          0         12          0       8814   stm32f4xx_hal.o
      1700          6          0          0          0      15605   stm32f4xx_hal_can.o
       192         14          0          0          0      33900   stm32f4xx_hal_cortex.o
      1182         16          8          0          0       8239   stm32f4xx_hal_dma.o
       786         94          0          0          0       3981   stm32f4xx_hal_gpio.o
       392         16          0          0          0       3143   stm32f4xx_hal_i2c.o
        56          4          0          0          0        894   stm32f4xx_hal_msp.o
      1388         82          0          0          0       6125   stm32f4xx_hal_rcc.o
      2028        138          0          0          0      17862   stm32f4xx_hal_tim.o
       148         28          0          0          0       2589   stm32f4xx_hal_tim_ex.o
       152         20          0          0         72       1519   stm32f4xx_hal_timebase_tim.o
      1828         30          0          0          0      14370   stm32f4xx_hal_uart.o
       198         90          0          0          0      10606   stm32f4xx_it.o
         0          0          0          0          0        384   stream_buffer.o
        16          4         24          4          0       1163   system_stm32f4xx.o
      2066        160          0         60       1220      27300   tasks.o
       896         88          0          0        360       5422   tim.o
       972         82          0         20        280      32383   timers.o
       784         90          0          0        396       4123   usart.o
       316         26          0         18          0       2607   user_can_init.o
       618         34          0          0          0       7438   vesc_can.o

    ----------------------------------------------------------------------
     26494       1870        828        280      23740    1112274   Object Totals
         0          0         32          0          0          0   (incl. Generated)
        42          0          2          5          2          0   (incl. Padding)

    ----------------------------------------------------------------------

      Code (inc. data)   RO Data    RW Data    ZI Data      Debug   Library Member Name

       200         20          0          0          0        164   cos.o
       368         46         48          0          0        200   cos_i.o
        84         16          0          0          0        372   dunder.o
        24          0          0          0          0        124   fabs.o
        48          0          0          0          0        124   fpclassify.o
       248          0          0          0          0        152   poly.o
      1080        142        200          0          0        188   rred.o
       200         20          0          0          0        164   sin.o
       304         24         40          0          0        208   sin_i.o
       122          0          0          0          0        148   sqrt.o
         0          0          0          0          0          0   entry.o
         0          0          0          0          0          0   entry10a.o
         0          0          0          0          0          0   entry11a.o
         4          0          0          0          0          0   entry12b.o
         8          4          0          0          0          0   entry2.o
         4          0          0          0          0          0   entry5.o
         0          0          0          0          0          0   entry7b.o
         0          0          0          0          0          0   entry8b.o
         8          4          0          0          0          0   entry9a.o
        12          6          0          4          0         68   errno.o
        30          0          0          0          0          0   handlers.o
        36          8          0          0          0         68   init.o
         0          0          0          0          0          0   iusefp.o
        30          0          0          0          0         68   llshl.o
        36          0          0          0          0         68   llsshr.o
        32          0          0          0          0         68   llushr.o
        36          0          0          0          0         68   memcpya.o
        36          0          0          0          0        108   memseta.o
        98          0          0          0          0         92   uldiv.o
        56          0          0          0          0         88   d2f.o
       334          0          0          0          0        148   dadd.o
       222          0          0          0          0        100   ddiv.o
       186          0          0          0          0        176   depilogue.o
        62          0          0          0          0         80   dfixi.o
        34          0          0          0          0         76   dflti.o
        26          0          0          0          0         76   dfltui.o
       228          0          0          0          0         96   dmul.o
       162          0          0          0          0        100   dsqrt.o
        38          0          0          0          0         68   f2d.o
       110          0          0          0          0        168   fepilogue.o

    ----------------------------------------------------------------------
      4518        290        288          4          0       3628   Library Totals
        12          0          0          0          0          0   (incl. Padding)

    ----------------------------------------------------------------------

      Code (inc. data)   RO Data    RW Data    ZI Data      Debug   Library Name

      2678        268        288          0          0       1844   m_wm.l
       370         22          0          4          0        608   mc_w.l
      1458          0          0          0          0       1176   mf_w.l

    ----------------------------------------------------------------------
      4518        290        288          4          0       3628   Library Totals

    ----------------------------------------------------------------------

==============================================================================


      Code (inc. data)   RO Data    RW Data    ZI Data      Debug   

     31012       2160       1116        284      23740    1088974   Grand Totals
     31012       2160       1116        284      23740    1088974   ELF Image Totals
     31012       2160       1116        284          0          0   ROM Totals

==============================================================================

    Total RO  Size (Code + RO Data)                32128 (  31.38kB)
    Total RW  Size (RW Data + ZI Data)             24024 (  23.46kB)
    Total ROM Size (Code + RO Data + RW Data)      32412 (  31.65kB)

==============================================================================

